Archive member included to satisfy reference by file (symbol)

d:/stm32cube/stm32cubeide_1.7.0/stm32cubeide/plugins/com.st.stm32cube.ide.mcu.externaltools.gnu-tools-for-stm32.10.3-2021.10.win32_1.0.0.202111181127/tools/bin/../lib/gcc/arm-none-eabi/10.3.1/../../../../arm-none-eabi/lib/thumb/v7e-m+fp/hard\libc_nano.a(lib_a-errno.o)
                              ./Core/Src/syscalls.o (__errno)
d:/stm32cube/stm32cubeide_1.7.0/stm32cubeide/plugins/com.st.stm32cube.ide.mcu.externaltools.gnu-tools-for-stm32.10.3-2021.10.win32_1.0.0.202111181127/tools/bin/../lib/gcc/arm-none-eabi/10.3.1/../../../../arm-none-eabi/lib/thumb/v7e-m+fp/hard\libc_nano.a(lib_a-exit.o)
                              d:/stm32cube/stm32cubeide_1.7.0/stm32cubeide/plugins/com.st.stm32cube.ide.mcu.externaltools.gnu-tools-for-stm32.10.3-2021.10.win32_1.0.0.202111181127/tools/bin/../lib/gcc/arm-none-eabi/10.3.1/../../../../arm-none-eabi/lib/thumb/v7e-m+fp/hard/crt0.o (exit)
d:/stm32cube/stm32cubeide_1.7.0/stm32cubeide/plugins/com.st.stm32cube.ide.mcu.externaltools.gnu-tools-for-stm32.10.3-2021.10.win32_1.0.0.202111181127/tools/bin/../lib/gcc/arm-none-eabi/10.3.1/../../../../arm-none-eabi/lib/thumb/v7e-m+fp/hard\libc_nano.a(lib_a-impure.o)
                              d:/stm32cube/stm32cubeide_1.7.0/stm32cubeide/plugins/com.st.stm32cube.ide.mcu.externaltools.gnu-tools-for-stm32.10.3-2021.10.win32_1.0.0.202111181127/tools/bin/../lib/gcc/arm-none-eabi/10.3.1/../../../../arm-none-eabi/lib/thumb/v7e-m+fp/hard\libc_nano.a(lib_a-exit.o) (_global_impure_ptr)
d:/stm32cube/stm32cubeide_1.7.0/stm32cubeide/plugins/com.st.stm32cube.ide.mcu.externaltools.gnu-tools-for-stm32.10.3-2021.10.win32_1.0.0.202111181127/tools/bin/../lib/gcc/arm-none-eabi/10.3.1/../../../../arm-none-eabi/lib/thumb/v7e-m+fp/hard\libc_nano.a(lib_a-init.o)
                              d:/stm32cube/stm32cubeide_1.7.0/stm32cubeide/plugins/com.st.stm32cube.ide.mcu.externaltools.gnu-tools-for-stm32.10.3-2021.10.win32_1.0.0.202111181127/tools/bin/../lib/gcc/arm-none-eabi/10.3.1/../../../../arm-none-eabi/lib/thumb/v7e-m+fp/hard/crt0.o (__libc_init_array)
d:/stm32cube/stm32cubeide_1.7.0/stm32cubeide/plugins/com.st.stm32cube.ide.mcu.externaltools.gnu-tools-for-stm32.10.3-2021.10.win32_1.0.0.202111181127/tools/bin/../lib/gcc/arm-none-eabi/10.3.1/../../../../arm-none-eabi/lib/thumb/v7e-m+fp/hard\libc_nano.a(lib_a-memcpy-stub.o)
                              ./Core/Src/Controller.o (memcpy)
d:/stm32cube/stm32cubeide_1.7.0/stm32cubeide/plugins/com.st.stm32cube.ide.mcu.externaltools.gnu-tools-for-stm32.10.3-2021.10.win32_1.0.0.202111181127/tools/bin/../lib/gcc/arm-none-eabi/10.3.1/../../../../arm-none-eabi/lib/thumb/v7e-m+fp/hard\libc_nano.a(lib_a-memset.o)
                              d:/stm32cube/stm32cubeide_1.7.0/stm32cubeide/plugins/com.st.stm32cube.ide.mcu.externaltools.gnu-tools-for-stm32.10.3-2021.10.win32_1.0.0.202111181127/tools/bin/../lib/gcc/arm-none-eabi/10.3.1/../../../../arm-none-eabi/lib/thumb/v7e-m+fp/hard/crt0.o (memset)
d:/stm32cube/stm32cubeide_1.7.0/stm32cubeide/plugins/com.st.stm32cube.ide.mcu.externaltools.gnu-tools-for-stm32.10.3-2021.10.win32_1.0.0.202111181127/tools/bin/../lib/gcc/arm-none-eabi/10.3.1/../../../../arm-none-eabi/lib/thumb/v7e-m+fp/hard\libc_nano.a(lib_a-sprintf.o)
                              ./Core/Src/Controller.o (sprintf)
d:/stm32cube/stm32cubeide_1.7.0/stm32cubeide/plugins/com.st.stm32cube.ide.mcu.externaltools.gnu-tools-for-stm32.10.3-2021.10.win32_1.0.0.202111181127/tools/bin/../lib/gcc/arm-none-eabi/10.3.1/../../../../arm-none-eabi/lib/thumb/v7e-m+fp/hard\libc_nano.a(lib_a-nano-svfprintf.o)
                              d:/stm32cube/stm32cubeide_1.7.0/stm32cubeide/plugins/com.st.stm32cube.ide.mcu.externaltools.gnu-tools-for-stm32.10.3-2021.10.win32_1.0.0.202111181127/tools/bin/../lib/gcc/arm-none-eabi/10.3.1/../../../../arm-none-eabi/lib/thumb/v7e-m+fp/hard\libc_nano.a(lib_a-sprintf.o) (_svfprintf_r)
d:/stm32cube/stm32cubeide_1.7.0/stm32cubeide/plugins/com.st.stm32cube.ide.mcu.externaltools.gnu-tools-for-stm32.10.3-2021.10.win32_1.0.0.202111181127/tools/bin/../lib/gcc/arm-none-eabi/10.3.1/../../../../arm-none-eabi/lib/thumb/v7e-m+fp/hard\libc_nano.a(lib_a-nano-vfprintf_i.o)
                              d:/stm32cube/stm32cubeide_1.7.0/stm32cubeide/plugins/com.st.stm32cube.ide.mcu.externaltools.gnu-tools-for-stm32.10.3-2021.10.win32_1.0.0.202111181127/tools/bin/../lib/gcc/arm-none-eabi/10.3.1/../../../../arm-none-eabi/lib/thumb/v7e-m+fp/hard\libc_nano.a(lib_a-nano-svfprintf.o) (_printf_i)
d:/stm32cube/stm32cubeide_1.7.0/stm32cubeide/plugins/com.st.stm32cube.ide.mcu.externaltools.gnu-tools-for-stm32.10.3-2021.10.win32_1.0.0.202111181127/tools/bin/../lib/gcc/arm-none-eabi/10.3.1/../../../../arm-none-eabi/lib/thumb/v7e-m+fp/hard\libc_nano.a(lib_a-memchr.o)
[...]
Memory Configuration

Name             Origin             Length             Attributes
RAM              0x0000000020000000 0x0000000000020000 xrw
FLASH            0x0000000008000000 0x0000000000080000 xr
*default*        0x0000000000000000 0xffffffffffffffff

Linker script and memory map

LOAD d:/stm32cube/stm32cubeide_1.7.0/stm32cubeide/plugins/com.st.stm32cube.ide.mcu.externaltools.gnu-tools-for-stm32.10.3-2021.10.win32_1.0.0.202111181127/tools/bin/../lib/gcc/arm-none-eabi/10.3.1/thumb/v7e-m+fp/hard/crti.o
LOAD d:/stm32cube/stm32cubeide_1.7.0/stm32cubeide/plugins/com.st.stm32cube.ide.mcu.externaltools.gnu-tools-for-stm32.10.3-2021.10.win32_1.0.0.202111181127/tools/bin/../lib/gcc/arm-none-eabi/10.3.1/thumb/v7e-m+fp/hard/crtbegin.o
LOAD d:/stm32cube/stm32cubeide_1.7.0/stm32cubeide/plugins/com.st.stm32cube.ide.mcu.externaltools.gnu-tools-for-stm32.10.3-2021.10.win32_1.0.0.202111181127/tools/bin/../lib/gcc/arm-none-eabi/10.3.1/../../../../arm-none-eabi/lib/thumb/v7e-m+fp/hard/crt0.o
LOAD ./Core/Src/Controller.o
LOAD ./Core/Src/DHT12.o
LOAD ./Core/Src/MQ9.o
LOAD ./Core/Src/SoftwareTimer.o
LOAD ./Core/Src/main.o
LOAD ./Core/Src/scheduler.o
LOAD ./Core/Src/stm32f4xx_hal_msp.o
LOAD ./Core/Src/stm32f4xx_it.o
LOAD ./Core/Src/syscalls.o
LOAD ./Core/Src/sysmem.o
LOAD ./Core/Src/system_stm32f4xx.o
LOAD ./Core/Src/task.o
LOAD ./Core/Startup/startup_stm32f411retx.o
LOAD ./Drivers/STM32F4xx_HAL_Driver/Src/stm32f4xx_hal.o
LOAD ./Drivers/STM32F4xx_HAL_Driver/Src/stm32f4xx_hal_adc.o
LOAD ./Drivers/STM32F4xx_HAL_Driver/Src/stm32f4xx_hal_adc_ex.o
LOAD ./Drivers/STM32F4xx_HAL_Driver/Src/stm32f4xx_hal_cortex.o
LOAD ./Drivers/STM32F4xx_HAL_Driver/Src/stm32f4xx_hal_dma.o
LOAD ./Drivers/STM32F4xx_HAL_Driver/Src/stm32f4xx_hal_dma_ex.o
LOAD ./Drivers/STM32F4xx_HAL_Driver/Src/stm32f4xx_hal_exti.o
LOAD ./Drivers/STM32F4xx_HAL_Driver/Src/stm32f4xx_hal_flash.o
LOAD ./Drivers/STM32F4xx_HAL_Driver/Src/stm32f4xx_hal_flash_ex.o
LOAD ./Drivers/STM32F4xx_HAL_Driver/Src/stm32f4xx_hal_flash_ramfunc.o
LOAD ./Drivers/STM32F4xx_HAL_Driver/Src/stm32f4xx_hal_gpio.o
LOAD ./Drivers/STM32F4xx_HAL_Driver/Src/stm32f4xx_hal_i2c.o
LOAD ./Drivers/STM32F4xx_HAL_Driver/Src/stm32f4xx_hal_i2c_ex.o
LOAD ./Drivers/STM32F4xx_HAL_Driver/Src/stm32f4xx_hal_pwr.o
LOAD ./Drivers/STM32F4xx_HAL_Driver/Src/stm32f4xx_hal_pwr_ex.o
LOAD ./Drivers/STM32F4xx_HAL_Driver/Src/stm32f4xx_hal_rcc.o
LOAD ./Drivers/STM32F4xx_HAL_Driver/Src/stm32f4xx_hal_rcc_ex.o
LOAD ./Drivers/STM32F4xx_HAL_Driver/Src/stm32f4xx_hal_tim.o
LOAD ./Drivers/STM32F4xx_HAL_Driver/Src/stm32f4xx_hal_tim_ex.o
LOAD ./Drivers/STM32F4xx_HAL_Driver/Src/stm32f4xx_hal_uart.o
LOAD ./Drivers/STM32F4xx_HAL_Driver/Src/stm32f4xx_ll_adc.o
START GROUP
LOAD d:/stm32cube/stm32cubeide_1.7.0/stm32cubeide/plugins/com.st.stm32cube.ide.mcu.externaltools.gnu-tools-for-stm32.10.3-2021.10.win32_1.0.0.202111181127/tools/bin/../lib/gcc/arm-none-eabi/10.3.1/../../../../arm-none-eabi/lib/thumb/v7e-m+fp/hard\libc_nano.a
LOAD d:/stm32cube/stm32cubeide_1.7.0/stm32cubeide/plugins/com.st.stm32cube.ide.mcu.externaltools.gnu-tools-for-stm32.10.3-2021.10.win32_1.0.0.202111181127/tools/bin/../lib/gcc/arm-none-eabi/10.3.1/../../../../arm-none-eabi/lib/thumb/v7e-m+fp/hard\libm.a
END GROUP
START GROUP
LOAD d:/stm32cube/stm32cubeide_1.7.0/stm32cubeide/plugins/com.st.stm32cube.ide.mcu.externaltools.gnu-tools-for-stm32.10.3-2021.10.win32_1.0.0.202111181127/tools/bin/../lib/gcc/arm-none-eabi/10.3.1/thumb/v7e-m+fp/hard\libgcc.a
LOAD d:/stm32cube/stm32cubeide_1.7.0/stm32cubeide/plugins/com.st.stm32cube.ide.mcu.externaltools.gnu-tools-for-stm32.10.3-2021.10.win32_1.0.0.202111181127/tools/bin/../lib/gcc/arm-none-eabi/10.3.1/../../../../arm-none-eabi/lib/thumb/v7e-m+fp/hard\libc_nano.a
END GROUP
START GROUP
LOAD d:/stm32cube/stm32cubeide_1.7.0/stm32cubeide/plugins/com.st.stm32cube.ide.mcu.externaltools.gnu-tools-for-stm32.10.3-2021.10.win32_1.0.0.202111181127/tools/bin/../lib/gcc/arm-none-eabi/10.3.1/thumb/v7e-m+fp/hard\libgcc.a
LOAD d:/stm32cube/stm32cubeide_1.7.0/stm32cubeide/plugins/com.st.stm32cube.ide.mcu.externaltools.gnu-tools-for-stm32.10.3-2021.10.win32_1.0.0.202111181127/tools/bin/../lib/gcc/arm-none-eabi/10.3.1/../../../../arm-none-eabi/lib/thumb/v7e-m+fp/hard\libc_nano.a
LOAD d:/stm32cube/stm32cubeide_1.7.0/stm32cubeide/plugins/com.st.stm32cube.ide.mcu.externaltools.gnu-tools-for-stm32.10.3-2021.10.win32_1.0.0.202111181127/tools/bin/../lib/gcc/arm-none-eabi/10.3.1/../../../../arm-none-eabi/lib/thumb/v7e-m+fp/hard\libnosys.a
END GROUP
START GROUP
LOAD d:/stm32cube/stm32cubeide_1.7.0/stm32cubeide/plugins/com.st.stm32cube.ide.mcu.externaltools.gnu-tools-for-stm32.10.3-2021.10.win32_1.0.0.202111181127/tools/bin/../lib/gcc/arm-none-eabi/10.3.1/thumb/v7e-m+fp/hard\libgcc.a
LOAD d:/stm32cube/stm32cubeide_1.7.0/stm32cubeide/plugins/com.st.stm32cube.ide.mcu.externaltools.gnu-tools-for-stm32.10.3-2021.10.win32_1.0.0.202111181127/tools/bin/../lib/gcc/arm-none-eabi/10.3.1/../../../../arm-none-eabi/lib/thumb/v7e-m+fp/hard\libc_nano.a
LOAD d:/stm32cube/stm32cubeide_1.7.0/stm32cubeide/plugins/com.st.stm32cube.ide.mcu.externaltools.gnu-tools-for-stm32.10.3-2021.10.win32_1.0.0.202111181127/tools/bin/../lib/gcc/arm-none-eabi/10.3.1/../../../../arm-none-eabi/lib/thumb/v7e-m+fp/hard\libnosys.a
END GROUP
LOAD d:/stm32cube/stm32cubeide_1.7.0/stm32cubeide/plugins/com.st.stm32cube.ide.mcu.externaltools.gnu-tools-for-stm32.10.3-2021.10.win32_1.0.0.202111181127/tools/bin/../lib/gcc/arm-none-eabi/10.3.1/thumb/v7e-m+fp/hard/crtend.o
LOAD d:/stm32cube/stm32cubeide_1.7.0/stm32cubeide/plugins/com.st.stm32cube.ide.mcu.externaltools.gnu-tools-for-stm32.10.3-2021.10.win32_1.0.0.202111181127/tools/bin/../lib/gcc/arm-none-eabi/10.3.1/thumb/v7e-m+fp/hard/crtn.o
                0x0000000020020000                _estack = (ORIGIN (RAM) + LENGTH (RAM))
                0x0000000000000200                _Min_Heap_Size = 0x200
                0x0000000000000400                _Min_Stack_Size = 0x400

.isr_vector     0x0000000008000000      0x198
                0x0000000008000000                . = ALIGN (0x4)
 *(.isr_vector)
 .isr_vector    0x0000000008000000      0x198 ./Core/Startup/startup_stm32f411retx.o
                0x0000000008000000                g_pfnVectors
                0x0000000008000198                . = ALIGN (0x4)

.text           0x00000000080001a0     0x6984
                0x00000000080001a0                . = ALIGN (0x4)
 *(.text)
 .text          0x00000000080001a0       0x40 d:/stm32cube/stm32cubeide_1.7.0/stm32cubeide/plugins/com.st.stm32cube.ide.mcu.externaltools.gnu-tools-for-stm32.10.3-2021.10.win32_1.0.0.202111181127/tools/bin/../lib/gcc/arm-none-eabi/10.3.1/thumb/v7e-m+fp/hard/crtbegin.o
 .text          0x00000000080001e0       0xa0 d:/stm32cube/stm32cubeide_1.7.0/stm32cubeide/plugins/com.st.stm32cube.ide.mcu.externaltools.gnu-tools-for-stm32.10.3-2021.10.win32_1.0.0.202111181127/tools/bin/../lib/gcc/arm-none-eabi/10.3.1/../../../../arm-none-eabi/lib/thumb/v7e-m+fp/hard\libc_nano.a(lib_a-memchr.o)
                0x00000000080001e0                memchr
 .text          0x0000000008000280      0x378 d:/stm32cube/stm32cubeide_1.7.0/stm32cubeide/plugins/com.st.stm32cube.ide.mcu.externaltools.gnu-tools-for-stm32.10.3-2021.10.win32_1.0.0.202111181127/tools/bin/../lib/gcc/arm-none-eabi/10.3.1/thumb/v7e-m+fp/hard\libgcc.a(_arm_addsubdf3.o)
                0x0000000008000280                __aeabi_drsub
                0x0000000008000288                __aeabi_dsub
                0x0000000008000288                __subdf3
                0x000000000800028c                __aeabi_dadd
                0x000000000800028c                __adddf3
                0x0000000008000504                __floatunsidf
                0x0000000008000504                __aeabi_ui2d
                0x0000000008000524                __floatsidf
                0x0000000008000524                __aeabi_i2d
                0x0000000008000548                __aeabi_f2d
                0x0000000008000548                __extendsfdf2
                0x000000000800058c                __floatundidf
                0x000000000800058c                __aeabi_ul2d
                0x000000000800059c                __floatdidf
                0x000000000800059c                __aeabi_l2d
 .text          0x00000000080005f8      0x424 d:/stm32cube/stm32cubeide_1.7.0/stm32cubeide/plugins/com.st.stm32cube.ide.mcu.externaltools.gnu-tools-for-stm32.10.3-2021.10.win32_1.0.0.202111181127/tools/bin/../lib/gcc/arm-none-eabi/10.3.1/thumb/v7e-m+fp/hard\libgcc.a(_arm_muldivdf3.o)
                0x00000000080005f8                __aeabi_dmul
                0x00000000080005f8                __muldf3
                0x000000000800084c                __divdf3
                0x000000000800084c                __aeabi_ddiv
 .text          0x0000000008000a1c       0xa0 d:/stm32cube/stm32cubeide_1.7.0/stm32cubeide/plugins/com.st.stm32cube.ide.mcu.externaltools.gnu-tools-for-stm32.10.3-2021.10.win32_1.0.0.202111181127/tools/bin/../lib/gcc/arm-none-eabi/10.3.1/thumb/v7e-m+fp/hard\libgcc.a(_arm_truncdfsf2.o)
                0x0000000008000a1c                __truncdfsf2
                0x0000000008000a1c                __aeabi_d2f
 .text          0x0000000008000abc       0x30 d:/stm32cube/stm32cubeide_1.7.0/stm32cubeide/plugins/com.st.stm32cube.ide.mcu.externaltools.gnu-tools-for-stm32.10.3-2021.10.win32_1.0.0.202111181127/tools/bin/../lib/gcc/arm-none-eabi/10.3.1/thumb/v7e-m+fp/hard\libgcc.a(_aeabi_uldivmod.o)
                0x0000000008000abc                __aeabi_uldivmod
 .text          0x0000000008000aec      0x2d0 d:/stm32cube/stm32cubeide_1.7.0/stm32cubeide/plugins/com.st.stm32cube.ide.mcu.externaltools.gnu-tools-for-stm32.10.3-2021.10.win32_1.0.0.202111181127/tools/bin/../lib/gcc/arm-none-eabi/10.3.1/thumb/v7e-m+fp/hard\libgcc.a(_udivmoddi4.o)
                0x0000000008000aec                __udivmoddi4
 .text          0x0000000008000dbc        0x4 d:/stm32cube/stm32cubeide_1.7.0/stm32cubeide/plugins/com.st.stm32cube.ide.mcu.externaltools.gnu-tools-for-stm32.10.3-2021.10.win32_1.0.0.202111181127/tools/bin/../lib/gcc/arm-none-eabi/10.3.1/thumb/v7e-m+fp/hard\libgcc.a(_dvmd_tls.o)
                0x0000000008000dbc                __aeabi_idiv0
                0x0000000008000dbc                __aeabi_ldiv0
 *(.text*)
 .text.isOK     0x0000000008000dc0       0x34 ./Core/Src/Controller.o
                0x0000000008000dc0                isOK
 .text.processMessage
                0x0000000008000df4      0x1b4 ./Core/Src/Controller.o
                0x0000000008000df4                processMessage
 .text.ResendMessage
                0x0000000008000fa8       0x80 ./Core/Src/Controller.o
                0x0000000008000fa8                ResendMessage
 .text.ControllerInit
                0x0000000008001028       0x60 ./Core/Src/Controller.o
                0x0000000008001028                ControllerInit
 .text.SendValue
                0x0000000008001088       0x40 ./Core/Src/Controller.o
                0x0000000008001088                SendValue
 .text.ReadDHT  0x00000000080010c8       0xe0 ./Core/Src/DHT12.o
                0x00000000080010c8                ReadDHT
 .text.SendValueDHT
                0x00000000080011a8       0xd0 ./Core/Src/DHT12.o
                0x00000000080011a8                SendValueDHT
 .text.Int_to_Volt
                0x0000000008001278       0x58 ./Core/Src/MQ9.o
                0x0000000008001278                Int_to_Volt
 .text.ReadMQ9  0x00000000080012d0       0xbc ./Core/Src/MQ9.o
                0x00000000080012d0                ReadMQ9
 .text.SendValueMQ9
                0x000000000800138c       0xa4 ./Core/Src/MQ9.o
                0x000000000800138c                SendValueMQ9
 .text.TimerRun
                0x0000000008001430       0xb0 ./Core/Src/SoftwareTimer.o
                0x0000000008001430                TimerRun
 .text.HAL_UART_RxCpltCallback
                0x00000000080014e0       0x54 ./Core/Src/main.o
                0x00000000080014e0                HAL_UART_RxCpltCallback
 .text.main     0x0000000008001534       0x90 ./Core/Src/main.o
                0x0000000008001534                main
 .text.SystemClock_Config
                0x00000000080015c4       0xbc ./Core/Src/main.o
                0x00000000080015c4                SystemClock_Config
 .text.MX_ADC1_Init
                0x0000000008001680       0xa4 ./Core/Src/main.o
 .text.MX_I2C2_Init
                0x0000000008001724       0x5c ./Core/Src/main.o
 .text.MX_TIM2_Init
                0x0000000008001780       0x98 ./Core/Src/main.o
 .text.MX_USART2_UART_Init
                0x0000000008001818       0x54 ./Core/Src/main.o
 .text.MX_GPIO_Init
                0x000000000800186c       0x88 ./Core/Src/main.o
 .text.HAL_TIM_PeriodElapsedCallback
                0x00000000080018f4       0x2c ./Core/Src/main.o
                0x00000000080018f4                HAL_TIM_PeriodElapsedCallback
 .text.Error_Handler
                0x0000000008001920        0xa ./Core/Src/main.o
                0x0000000008001920                Error_Handler
 *fill*         0x000000000800192a        0x2 
 .text.SCH_Add_Task
                0x000000000800192c      0x144 ./Core/Src/scheduler.o
                0x000000000800192c                SCH_Add_Task
 .text.SCH_Update
                0x0000000008001a70       0xd0 ./Core/Src/scheduler.o
                0x0000000008001a70                SCH_Update
 .text.SCH_Dispatch
                0x0000000008001b40       0x98 ./Core/Src/scheduler.o
                0x0000000008001b40                SCH_Dispatch
 .text.SCH_Delete_Task
                0x0000000008001bd8       0x8c ./Core/Src/scheduler.o
                0x0000000008001bd8                SCH_Delete_Task
 .text.SelfDestruct
                0x0000000008001c64       0xbc ./Core/Src/scheduler.o
                0x0000000008001c64                SelfDestruct
 .text.HAL_MspInit
                0x0000000008001d20       0x50 ./Core/Src/stm32f4xx_hal_msp.o
                0x0000000008001d20                HAL_MspInit
 .text.HAL_ADC_MspInit
                0x0000000008001d70       0x88 ./Core/Src/stm32f4xx_hal_msp.o
                0x0000000008001d70                HAL_ADC_MspInit
 .text.HAL_I2C_MspInit
                0x0000000008001df8       0xb0 ./Core/Src/stm32f4xx_hal_msp.o
                0x0000000008001df8                HAL_I2C_MspInit
 .text.HAL_TIM_Base_MspInit
                0x0000000008001ea8       0x4c ./Core/Src/stm32f4xx_hal_msp.o
                0x0000000008001ea8                HAL_TIM_Base_MspInit
 .text.HAL_UART_MspInit
                0x0000000008001ef4       0xa0 ./Core/Src/stm32f4xx_hal_msp.o
                0x0000000008001ef4                HAL_UART_MspInit
 .text.NMI_Handler
                0x0000000008001f94        0x6 ./Core/Src/stm32f4xx_it.o
                0x0000000008001f94                NMI_Handler
 .text.HardFault_Handler
                0x0000000008001f9a        0x6 ./Core/Src/stm32f4xx_it.o
                0x0000000008001f9a                HardFault_Handler
 .text.MemManage_Handler
                0x0000000008001fa0        0x6 ./Core/Src/stm32f4xx_it.o
                0x0000000008001fa0                MemManage_Handler
 .text.BusFault_Handler
                0x0000000008001fa6        0x6 ./Core/Src/stm32f4xx_it.o
                0x0000000008001fa6                BusFault_Handler
 .text.UsageFault_Handler
                0x0000000008001fac        0x6 ./Core/Src/stm32f4xx_it.o
                0x0000000008001fac                UsageFault_Handler
 .text.SVC_Handler
                0x0000000008001fb2        0xe ./Core/Src/stm32f4xx_it.o
                0x0000000008001fb2                SVC_Handler
 .text.DebugMon_Handler
                0x0000000008001fc0        0xe ./Core/Src/stm32f4xx_it.o
                0x0000000008001fc0                DebugMon_Handler
 .text.PendSV_Handler
                0x0000000008001fce        0xe ./Core/Src/stm32f4xx_it.o
                0x0000000008001fce                PendSV_Handler
 .text.SysTick_Handler
                0x0000000008001fdc        0xc ./Core/Src/stm32f4xx_it.o
                0x0000000008001fdc                SysTick_Handler
 .text.TIM2_IRQHandler
                0x0000000008001fe8       0x14 ./Core/Src/stm32f4xx_it.o
                0x0000000008001fe8                TIM2_IRQHandler
 .text.USART2_IRQHandler
                0x0000000008001ffc       0x14 ./Core/Src/stm32f4xx_it.o
                0x0000000008001ffc                USART2_IRQHandler
 .text._sbrk    0x0000000008002010       0x6c ./Core/Src/sysmem.o
                0x0000000008002010                _sbrk
 .text.SystemInit
                0x000000000800207c       0x24 ./Core/Src/system_stm32f4xx.o
                0x000000000800207c                SystemInit
 .text.Reset_Handler
                0x00000000080020a0       0x50 ./Core/Startup/startup_stm32f411retx.o
                0x00000000080020a0                Reset_Handler
 .text.Default_Handler
                0x00000000080020f0        0x2 ./Core/Startup/startup_stm32f411retx.o
                0x00000000080020f0                RTC_Alarm_IRQHandler
                0x00000000080020f0                EXTI2_IRQHandler
                0x00000000080020f0                SPI4_IRQHandler
                0x00000000080020f0                TIM1_CC_IRQHandler
                0x00000000080020f0                DMA2_Stream5_IRQHandler
                0x00000000080020f0                DMA1_Stream5_IRQHandler
                0x00000000080020f0                PVD_IRQHandler
                0x00000000080020f0                SDIO_IRQHandler
                0x00000000080020f0                TAMP_STAMP_IRQHandler
                0x00000000080020f0                EXTI3_IRQHandler
                0x00000000080020f0                TIM1_UP_TIM10_IRQHandler
                0x00000000080020f0                I2C3_ER_IRQHandler
                0x00000000080020f0                EXTI0_IRQHandler
                0x00000000080020f0                I2C2_EV_IRQHandler
                0x00000000080020f0                DMA1_Stream2_IRQHandler
                0x00000000080020f0                FPU_IRQHandler
                0x00000000080020f0                DMA2_Stream2_IRQHandler
                0x00000000080020f0                SPI1_IRQHandler
                0x00000000080020f0                TIM1_BRK_TIM9_IRQHandler
                0x00000000080020f0                DMA2_Stream3_IRQHandler
                0x00000000080020f0                USART6_IRQHandler
                0x00000000080020f0                DMA2_Stream0_IRQHandler
                0x00000000080020f0                TIM4_IRQHandler
                0x00000000080020f0                I2C1_EV_IRQHandler
                0x00000000080020f0                DMA1_Stream6_IRQHandler
                0x00000000080020f0                DMA1_Stream1_IRQHandler
                0x00000000080020f0                TIM3_IRQHandler
                0x00000000080020f0                RCC_IRQHandler
                0x00000000080020f0                Default_Handler
                0x00000000080020f0                EXTI15_10_IRQHandler
                0x00000000080020f0                ADC_IRQHandler
                0x00000000080020f0                DMA1_Stream7_IRQHandler
                0x00000000080020f0                SPI5_IRQHandler
                0x00000000080020f0                TIM5_IRQHandler
                0x00000000080020f0                DMA2_Stream7_IRQHandler
                0x00000000080020f0                I2C3_EV_IRQHandler
                0x00000000080020f0                EXTI9_5_IRQHandler
                0x00000000080020f0                RTC_WKUP_IRQHandler
                0x00000000080020f0                SPI2_IRQHandler
                0x00000000080020f0                DMA1_Stream0_IRQHandler
                0x00000000080020f0                EXTI4_IRQHandler
                0x00000000080020f0                WWDG_IRQHandler
                0x00000000080020f0                OTG_FS_WKUP_IRQHandler
                0x00000000080020f0                TIM1_TRG_COM_TIM11_IRQHandler
                0x00000000080020f0                EXTI1_IRQHandler
                0x00000000080020f0                I2C2_ER_IRQHandler
                0x00000000080020f0                DMA2_Stream1_IRQHandler
                0x00000000080020f0                FLASH_IRQHandler
                0x00000000080020f0                DMA2_Stream4_IRQHandler
                0x00000000080020f0                USART1_IRQHandler
                0x00000000080020f0                OTG_FS_IRQHandler
                0x00000000080020f0                SPI3_IRQHandler
                0x00000000080020f0                DMA1_Stream4_IRQHandler
                0x00000000080020f0                I2C1_ER_IRQHandler
                0x00000000080020f0                DMA2_Stream6_IRQHandler
                0x00000000080020f0                DMA1_Stream3_IRQHandler
 *fill*         0x00000000080020f2        0x2 
 .text.HAL_Init
                0x00000000080020f4       0x44 ./Drivers/STM32F4xx_HAL_Driver/Src/stm32f4xx_hal.o
                0x00000000080020f4                HAL_Init
 .text.HAL_InitTick
                0x0000000008002138       0x60 ./Drivers/STM32F4xx_HAL_Driver/Src/stm32f4xx_hal.o
                0x0000000008002138                HAL_InitTick
 .text.HAL_IncTick
                0x0000000008002198       0x28 ./Drivers/STM32F4xx_HAL_Driver/Src/stm32f4xx_hal.o
                0x0000000008002198                HAL_IncTick
 .text.HAL_GetTick
                0x00000000080021c0       0x18 ./Drivers/STM32F4xx_HAL_Driver/Src/stm32f4xx_hal.o
                0x00000000080021c0                HAL_GetTick
 .text.HAL_ADC_Init
                0x00000000080021d8       0x86 ./Drivers/STM32F4xx_HAL_Driver/Src/stm32f4xx_hal_adc.o
                0x00000000080021d8                HAL_ADC_Init
 *fill*         0x000000000800225e        0x2 
 .text.HAL_ADC_Start
                0x0000000008002260      0x168 ./Drivers/STM32F4xx_HAL_Driver/Src/stm32f4xx_hal_adc.o
                0x0000000008002260                HAL_ADC_Start
 .text.HAL_ADC_Stop
                0x00000000080023c8       0x66 ./Drivers/STM32F4xx_HAL_Driver/Src/stm32f4xx_hal_adc.o
                0x00000000080023c8                HAL_ADC_Stop
 .text.HAL_ADC_PollForConversion
                0x000000000800242e      0x116 ./Drivers/STM32F4xx_HAL_Driver/Src/stm32f4xx_hal_adc.o
                0x000000000800242e                HAL_ADC_PollForConversion
 .text.HAL_ADC_GetValue
                0x0000000008002544       0x1a ./Drivers/STM32F4xx_HAL_Driver/Src/stm32f4xx_hal_adc.o
                0x0000000008002544                HAL_ADC_GetValue
 *fill*         0x000000000800255e        0x2 
 .text.HAL_ADC_ConfigChannel
                0x0000000008002560      0x264 ./Drivers/STM32F4xx_HAL_Driver/Src/stm32f4xx_hal_adc.o
                0x0000000008002560                HAL_ADC_ConfigChannel
 .text.ADC_Init
                0x00000000080027c4      0x1f8 ./Drivers/STM32F4xx_HAL_Driver/Src/stm32f4xx_hal_adc.o
 .text.__NVIC_SetPriorityGrouping
                0x00000000080029bc       0x48 ./Drivers/STM32F4xx_HAL_Driver/Src/stm32f4xx_hal_cortex.o
 .text.__NVIC_GetPriorityGrouping
                0x0000000008002a04       0x1c ./Drivers/STM32F4xx_HAL_Driver/Src/stm32f4xx_hal_cortex.o
 .text.__NVIC_EnableIRQ
                0x0000000008002a20       0x3c ./Drivers/STM32F4xx_HAL_Driver/Src/stm32f4xx_hal_cortex.o
 .text.__NVIC_SetPriority
                0x0000000008002a5c       0x54 ./Drivers/STM32F4xx_HAL_Driver/Src/stm32f4xx_hal_cortex.o
 .text.NVIC_EncodePriority
                0x0000000008002ab0       0x66 ./Drivers/STM32F4xx_HAL_Driver/Src/stm32f4xx_hal_cortex.o
 *fill*         0x0000000008002b16        0x2 
 .text.SysTick_Config
                0x0000000008002b18       0x44 ./Drivers/STM32F4xx_HAL_Driver/Src/stm32f4xx_hal_cortex.o
 .text.HAL_NVIC_SetPriorityGrouping
                0x0000000008002b5c       0x16 ./Drivers/STM32F4xx_HAL_Driver/Src/stm32f4xx_hal_cortex.o
                0x0000000008002b5c                HAL_NVIC_SetPriorityGrouping
 .text.HAL_NVIC_SetPriority
                0x0000000008002b72       0x38 ./Drivers/STM32F4xx_HAL_Driver/Src/stm32f4xx_hal_cortex.o
                0x0000000008002b72                HAL_NVIC_SetPriority
 .text.HAL_NVIC_EnableIRQ
                0x0000000008002baa       0x1c ./Drivers/STM32F4xx_HAL_Driver/Src/stm32f4xx_hal_cortex.o
                0x0000000008002baa                HAL_NVIC_EnableIRQ
 .text.HAL_SYSTICK_Config
                0x0000000008002bc6       0x18 ./Drivers/STM32F4xx_HAL_Driver/Src/stm32f4xx_hal_cortex.o
                0x0000000008002bc6                HAL_SYSTICK_Config
 .text.HAL_DMA_Abort
                0x0000000008002bde       0xe0 ./Drivers/STM32F4xx_HAL_Driver/Src/stm32f4xx_hal_dma.o
                0x0000000008002bde                HAL_DMA_Abort
 .text.HAL_DMA_Abort_IT
                0x0000000008002cbe       0x44 ./Drivers/STM32F4xx_HAL_Driver/Src/stm32f4xx_hal_dma.o
                0x0000000008002cbe                HAL_DMA_Abort_IT
 *fill*         0x0000000008002d02        0x2 
 .text.HAL_GPIO_Init
                0x0000000008002d04      0x308 ./Drivers/STM32F4xx_HAL_Driver/Src/stm32f4xx_hal_gpio.o
                0x0000000008002d04                HAL_GPIO_Init
 .text.HAL_GPIO_WritePin
                0x000000000800300c       0x32 ./Drivers/STM32F4xx_HAL_Driver/Src/stm32f4xx_hal_gpio.o
                0x000000000800300c                HAL_GPIO_WritePin
 .text.HAL_GPIO_TogglePin
                0x000000000800303e       0x34 ./Drivers/STM32F4xx_HAL_Driver/Src/stm32f4xx_hal_gpio.o
                0x000000000800303e                HAL_GPIO_TogglePin
 *fill*         0x0000000008003072        0x2 
 .text.HAL_I2C_Init
                0x0000000008003074      0x288 ./Drivers/STM32F4xx_HAL_Driver/Src/stm32f4xx_hal_i2c.o
                0x0000000008003074                HAL_I2C_Init
 .text.HAL_I2C_Master_Transmit
                0x00000000080032fc      0x1fc ./Drivers/STM32F4xx_HAL_Driver/Src/stm32f4xx_hal_i2c.o
                0x00000000080032fc                HAL_I2C_Master_Transmit
 .text.HAL_I2C_Master_Receive
                0x00000000080034f8      0x44c ./Drivers/STM32F4xx_HAL_Driver/Src/stm32f4xx_hal_i2c.o
                0x00000000080034f8                HAL_I2C_Master_Receive
 .text.I2C_MasterRequestWrite
                0x0000000008003944      0x104 ./Drivers/STM32F4xx_HAL_Driver/Src/stm32f4xx_hal_i2c.o
 .text.I2C_MasterRequestRead
                0x0000000008003a48      0x19c ./Drivers/STM32F4xx_HAL_Driver/Src/stm32f4xx_hal_i2c.o
 .text.I2C_WaitOnFlagUntilTimeout
                0x0000000008003be4       0xae ./Drivers/STM32F4xx_HAL_Driver/Src/stm32f4xx_hal_i2c.o
 .text.I2C_WaitOnMasterAddressFlagUntilTimeout
                0x0000000008003c92       0xfe ./Drivers/STM32F4xx_HAL_Driver/Src/stm32f4xx_hal_i2c.o
 .text.I2C_WaitOnTXEFlagUntilTimeout
                0x0000000008003d90       0x82 ./Drivers/STM32F4xx_HAL_Driver/Src/stm32f4xx_hal_i2c.o
 .text.I2C_WaitOnBTFFlagUntilTimeout
                0x0000000008003e12       0x82 ./Drivers/STM32F4xx_HAL_Driver/Src/stm32f4xx_hal_i2c.o
 .text.I2C_WaitOnRXNEFlagUntilTimeout
                0x0000000008003e94       0xac ./Drivers/STM32F4xx_HAL_Driver/Src/stm32f4xx_hal_i2c.o
 .text.I2C_IsAcknowledgeFailed
                0x0000000008003f40       0x5e ./Drivers/STM32F4xx_HAL_Driver/Src/stm32f4xx_hal_i2c.o
 *fill*         0x0000000008003f9e        0x2 
 .text.HAL_RCC_OscConfig
                0x0000000008003fa0      0x4f0 ./Drivers/STM32F4xx_HAL_Driver/Src/stm32f4xx_hal_rcc.o
                0x0000000008003fa0                HAL_RCC_OscConfig
 .text.HAL_RCC_ClockConfig
                0x0000000008004490      0x1cc ./Drivers/STM32F4xx_HAL_Driver/Src/stm32f4xx_hal_rcc.o
                0x0000000008004490                HAL_RCC_ClockConfig
 .text.HAL_RCC_GetSysClockFreq
                0x000000000800465c      0x18c ./Drivers/STM32F4xx_HAL_Driver/Src/stm32f4xx_hal_rcc.o
                0x000000000800465c                HAL_RCC_GetSysClockFreq
 .text.HAL_RCC_GetHCLKFreq
                0x00000000080047e8       0x18 ./Drivers/STM32F4xx_HAL_Driver/Src/stm32f4xx_hal_rcc.o
                0x00000000080047e8                HAL_RCC_GetHCLKFreq
 .text.HAL_RCC_GetPCLK1Freq
                0x0000000008004800       0x28 ./Drivers/STM32F4xx_HAL_Driver/Src/stm32f4xx_hal_rcc.o
                0x0000000008004800                HAL_RCC_GetPCLK1Freq
 .text.HAL_RCC_GetPCLK2Freq
                0x0000000008004828       0x28 ./Drivers/STM32F4xx_HAL_Driver/Src/stm32f4xx_hal_rcc.o
                0x0000000008004828                HAL_RCC_GetPCLK2Freq
 .text.HAL_TIM_Base_Init
                0x0000000008004850       0x9e ./Drivers/STM32F4xx_HAL_Driver/Src/stm32f4xx_hal_tim.o
                0x0000000008004850                HAL_TIM_Base_Init
 *fill*         0x00000000080048ee        0x2 
 .text.HAL_TIM_Base_Start_IT
                0x00000000080048f0       0xc4 ./Drivers/STM32F4xx_HAL_Driver/Src/stm32f4xx_hal_tim.o
                0x00000000080048f0                HAL_TIM_Base_Start_IT
 .text.HAL_TIM_IRQHandler
                0x00000000080049b4      0x210 ./Drivers/STM32F4xx_HAL_Driver/Src/stm32f4xx_hal_tim.o
                0x00000000080049b4                HAL_TIM_IRQHandler
 .text.HAL_TIM_ConfigClockSource
                0x0000000008004bc4      0x18e ./Drivers/STM32F4xx_HAL_Driver/Src/stm32f4xx_hal_tim.o
                0x0000000008004bc4                HAL_TIM_ConfigClockSource
 .text.HAL_TIM_OC_DelayElapsedCallback
                0x0000000008004d52       0x14 ./Drivers/STM32F4xx_HAL_Driver/Src/stm32f4xx_hal_tim.o
                0x0000000008004d52                HAL_TIM_OC_DelayElapsedCallback
 .text.HAL_TIM_IC_CaptureCallback
                0x0000000008004d66       0x14 ./Drivers/STM32F4xx_HAL_Driver/Src/stm32f4xx_hal_tim.o
                0x0000000008004d66                HAL_TIM_IC_CaptureCallback
 .text.HAL_TIM_PWM_PulseFinishedCallback
                0x0000000008004d7a       0x14 ./Drivers/STM32F4xx_HAL_Driver/Src/stm32f4xx_hal_tim.o
                0x0000000008004d7a                HAL_TIM_PWM_PulseFinishedCallback
 .text.HAL_TIM_TriggerCallback
                0x0000000008004d8e       0x14 ./Drivers/STM32F4xx_HAL_Driver/Src/stm32f4xx_hal_tim.o
                0x0000000008004d8e                HAL_TIM_TriggerCallback
 *fill*         0x0000000008004da2        0x2 
 .text.TIM_Base_SetConfig
                0x0000000008004da4      0x100 ./Drivers/STM32F4xx_HAL_Driver/Src/stm32f4xx_hal_tim.o
                0x0000000008004da4                TIM_Base_SetConfig
 .text.TIM_TI1_ConfigInputStage
                0x0000000008004ea4       0x5e ./Drivers/STM32F4xx_HAL_Driver/Src/stm32f4xx_hal_tim.o
 .text.TIM_TI2_ConfigInputStage
                0x0000000008004f02       0x60 ./Drivers/STM32F4xx_HAL_Driver/Src/stm32f4xx_hal_tim.o
 .text.TIM_ITRx_SetConfig
                0x0000000008004f62       0x36 ./Drivers/STM32F4xx_HAL_Driver/Src/stm32f4xx_hal_tim.o
 .text.TIM_ETR_SetConfig
                0x0000000008004f98       0x40 ./Drivers/STM32F4xx_HAL_Driver/Src/stm32f4xx_hal_tim.o
                0x0000000008004f98                TIM_ETR_SetConfig
 .text.HAL_TIMEx_MasterConfigSynchronization
                0x0000000008004fd8       0xdc ./Drivers/STM32F4xx_HAL_Driver/Src/stm32f4xx_hal_tim_ex.o
                0x0000000008004fd8                HAL_TIMEx_MasterConfigSynchronization
 .text.HAL_TIMEx_CommutCallback
                0x00000000080050b4       0x14 ./Drivers/STM32F4xx_HAL_Driver/Src/stm32f4xx_hal_tim_ex.o
                0x00000000080050b4                HAL_TIMEx_CommutCallback
 .text.HAL_TIMEx_BreakCallback
                0x00000000080050c8       0x14 ./Drivers/STM32F4xx_HAL_Driver/Src/stm32f4xx_hal_tim_ex.o
                0x00000000080050c8                HAL_TIMEx_BreakCallback
 .text.HAL_UART_Init
                0x00000000080050dc       0x9a ./Drivers/STM32F4xx_HAL_Driver/Src/stm32f4xx_hal_uart.o
                0x00000000080050dc                HAL_UART_Init
 .text.HAL_UART_Transmit
                0x0000000008005176      0x124 ./Drivers/STM32F4xx_HAL_Driver/Src/stm32f4xx_hal_uart.o
                0x0000000008005176                HAL_UART_Transmit
 .text.HAL_UART_Receive_IT
                0x000000000800529a       0x60 ./Drivers/STM32F4xx_HAL_Driver/Src/stm32f4xx_hal_uart.o
                0x000000000800529a                HAL_UART_Receive_IT
 *fill*         0x00000000080052fa        0x2 
 .text.HAL_UART_IRQHandler
                0x00000000080052fc      0x51c ./Drivers/STM32F4xx_HAL_Driver/Src/stm32f4xx_hal_uart.o
                0x00000000080052fc                HAL_UART_IRQHandler
 .text.HAL_UART_TxCpltCallback
                0x0000000008005818       0x14 ./Drivers/STM32F4xx_HAL_Driver/Src/stm32f4xx_hal_uart.o
                0x0000000008005818                HAL_UART_TxCpltCallback
 .text.HAL_UART_ErrorCallback
                0x000000000800582c       0x14 ./Drivers/STM32F4xx_HAL_Driver/Src/stm32f4xx_hal_uart.o
                0x000000000800582c                HAL_UART_ErrorCallback
 .text.HAL_UARTEx_RxEventCallback
                0x0000000008005840       0x18 ./Drivers/STM32F4xx_HAL_Driver/Src/stm32f4xx_hal_uart.o
                0x0000000008005840                HAL_UARTEx_RxEventCallback
 .text.UART_WaitOnFlagUntilTimeout
                0x0000000008005858       0xdc ./Drivers/STM32F4xx_HAL_Driver/Src/stm32f4xx_hal_uart.o
 .text.UART_Start_Receive_IT
                0x0000000008005934       0x7c ./Drivers/STM32F4xx_HAL_Driver/Src/stm32f4xx_hal_uart.o
                0x0000000008005934                UART_Start_Receive_IT
 .text.UART_EndRxTransfer
                0x00000000080059b0       0xc6 ./Drivers/STM32F4xx_HAL_Driver/Src/stm32f4xx_hal_uart.o
 .text.UART_DMAAbortOnError
                0x0000000008005a76       0x28 ./Drivers/STM32F4xx_HAL_Driver/Src/stm32f4xx_hal_uart.o
 .text.UART_Transmit_IT
                0x0000000008005a9e       0xa0 ./Drivers/STM32F4xx_HAL_Driver/Src/stm32f4xx_hal_uart.o
 .text.UART_EndTransmit_IT
                0x0000000008005b3e       0x30 ./Drivers/STM32F4xx_HAL_Driver/Src/stm32f4xx_hal_uart.o
 .text.UART_Receive_IT
                0x0000000008005b6e      0x176 ./Drivers/STM32F4xx_HAL_Driver/Src/stm32f4xx_hal_uart.o
 .text.UART_SetConfig
                0x0000000008005ce4      0x4e8 ./Drivers/STM32F4xx_HAL_Driver/Src/stm32f4xx_hal_uart.o
 .text.__errno  0x00000000080061cc        0xc d:/stm32cube/stm32cubeide_1.7.0/stm32cubeide/plugins/com.st.stm32cube.ide.mcu.externaltools.gnu-tools-for-stm32.10.3-2021.10.win32_1.0.0.202111181127/tools/bin/../lib/gcc/arm-none-eabi/10.3.1/../../../../arm-none-eabi/lib/thumb/v7e-m+fp/hard\libc_nano.a(lib_a-errno.o)
                0x00000000080061cc                __errno
 .text.__libc_init_array
                0x00000000080061d8       0x48 d:/stm32cube/stm32cubeide_1.7.0/stm32cubeide/plugins/com.st.stm32cube.ide.mcu.externaltools.gnu-tools-for-stm32.10.3-2021.10.win32_1.0.0.202111181127/tools/bin/../lib/gcc/arm-none-eabi/10.3.1/../../../../arm-none-eabi/lib/thumb/v7e-m+fp/hard\libc_nano.a(lib_a-init.o)
                0x00000000080061d8                __libc_init_array
 .text.memcpy   0x0000000008006220       0x1c d:/stm32cube/stm32cubeide_1.7.0/stm32cubeide/plugins/com.st.stm32cube.ide.mcu.externaltools.gnu-tools-for-stm32.10.3-2021.10.win32_1.0.0.202111181127/tools/bin/../lib/gcc/arm-none-eabi/10.3.1/../../../../arm-none-eabi/lib/thumb/v7e-m+fp/hard\libc_nano.a(lib_a-memcpy-stub.o)
                0x0000000008006220                memcpy
 .text.memset   0x000000000800623c       0x10 d:/stm32cube/stm32cubeide_1.7.0/stm32cubeide/plugins/com.st.stm32cube.ide.mcu.externaltools.gnu-tools-for-stm32.10.3-2021.10.win32_1.0.0.202111181127/tools/bin/../lib/gcc/arm-none-eabi/10.3.1/../../../../arm-none-eabi/lib/thumb/v7e-m+fp/hard\libc_nano.a(lib_a-memset.o)
                0x000000000800623c                memset
 .text.sprintf  0x000000000800624c       0x40 d:/stm32cube/stm32cubeide_1.7.0/stm32cubeide/plugins/com.st.stm32cube.ide.mcu.externaltools.gnu-tools-for-stm32.10.3-2021.10.win32_1.0.0.202111181127/tools/bin/../lib/gcc/arm-none-eabi/10.3.1/../../../../arm-none-eabi/lib/thumb/v7e-m+fp/hard\libc_nano.a(lib_a-sprintf.o)
                0x000000000800624c                siprintf
                0x000000000800624c                sprintf
 .text.__ssputs_r
                0x000000000800628c       0xb6 d:/stm32cube/stm32cubeide_1.7.0/stm32cubeide/plugins/com.st.stm32cube.ide.mcu.externaltools.gnu-tools-for-stm32.10.3-2021.10.win32_1.0.0.202111181127/tools/bin/../lib/gcc/arm-none-eabi/10.3.1/../../../../arm-none-eabi/lib/thumb/v7e-m+fp/hard\libc_nano.a(lib_a-nano-svfprintf.o)
                0x000000000800628c                __ssputs_r
 *fill*         0x0000000008006342        0x2 
 .text._svfprintf_r
                0x0000000008006344      0x200 d:/stm32cube/stm32cubeide_1.7.0/stm32cubeide/plugins/com.st.stm32cube.ide.mcu.externaltools.gnu-tools-for-stm32.10.3-2021.10.win32_1.0.0.202111181127/tools/bin/../lib/gcc/arm-none-eabi/10.3.1/../../../../arm-none-eabi/lib/thumb/v7e-m+fp/hard\libc_nano.a(lib_a-nano-svfprintf.o)
                0x0000000008006344                _svfiprintf_r
                0x0000000008006344                _svfprintf_r
 .text._printf_common
                0x0000000008006544       0xda d:/stm32cube/stm32cubeide_1.7.0/stm32cubeide/plugins/com.st.stm32cube.ide.mcu.externaltools.gnu-tools-for-stm32.10.3-2021.10.win32_1.0.0.202111181127/tools/bin/../lib/gcc/arm-none-eabi/10.3.1/../../../../arm-none-eabi/lib/thumb/v7e-m+fp/hard\libc_nano.a(lib_a-nano-vfprintf_i.o)
                0x0000000008006544                _printf_common
 *fill*         0x000000000800661e        0x2 
 .text._printf_i
                0x0000000008006620      0x24c d:/stm32cube/stm32cubeide_1.7.0/stm32cubeide/plugins/com.st.stm32cube.ide.mcu.externaltools.gnu-tools-for-stm32.10.3-2021.10.win32_1.0.0.202111181127/tools/bin/../lib/gcc/arm-none-eabi/10.3.1/../../../../arm-none-eabi/lib/thumb/v7e-m+fp/hard\libc_nano.a(lib_a-nano-vfprintf_i.o)
                0x0000000008006620                _printf_i
 .text.memmove  0x000000000800686c       0x34 d:/stm32cube/stm32cubeide_1.7.0/stm32cubeide/plugins/com.st.stm32cube.ide.mcu.externaltools.gnu-tools-for-stm32.10.3-2021.10.win32_1.0.0.202111181127/tools/bin/../lib/gcc/arm-none-eabi/10.3.1/../../../../arm-none-eabi/lib/thumb/v7e-m+fp/hard\libc_nano.a(lib_a-memmove.o)
                0x000000000800686c                memmove
 .text._free_r  0x00000000080068a0       0x98 d:/stm32cube/stm32cubeide_1.7.0/stm32cubeide/plugins/com.st.stm32cube.ide.mcu.externaltools.gnu-tools-for-stm32.10.3-2021.10.win32_1.0.0.202111181127/tools/bin/../lib/gcc/arm-none-eabi/10.3.1/../../../../arm-none-eabi/lib/thumb/v7e-m+fp/hard\libc_nano.a(lib_a-nano-freer.o)
                0x00000000080068a0                _free_r
 .text.sbrk_aligned
                0x0000000008006938       0x40 d:/stm32cube/stm32cubeide_1.7.0/stm32cubeide/plugins/com.st.stm32cube.ide.mcu.externaltools.gnu-tools-for-stm32.10.3-2021.10.win32_1.0.0.202111181127/tools/bin/../lib/gcc/arm-none-eabi/10.3.1/../../../../arm-none-eabi/lib/thumb/v7e-m+fp/hard\libc_nano.a(lib_a-nano-mallocr.o)
 .text._malloc_r
                0x0000000008006978       0xe8 d:/stm32cube/stm32cubeide_1.7.0/stm32cubeide/plugins/com.st.stm32cube.ide.mcu.externaltools.gnu-tools-for-stm32.10.3-2021.10.win32_1.0.0.202111181127/tools/bin/../lib/gcc/arm-none-eabi/10.3.1/../../../../arm-none-eabi/lib/thumb/v7e-m+fp/hard\libc_nano.a(lib_a-nano-mallocr.o)
                0x0000000008006978                _malloc_r
 .text._realloc_r
                0x0000000008006a60       0x5e d:/stm32cube/stm32cubeide_1.7.0/stm32cubeide/plugins/com.st.stm32cube.ide.mcu.externaltools.gnu-tools-for-stm32.10.3-2021.10.win32_1.0.0.202111181127/tools/bin/../lib/gcc/arm-none-eabi/10.3.1/../../../../arm-none-eabi/lib/thumb/v7e-m+fp/hard\libc_nano.a(lib_a-nano-reallocr.o)
                0x0000000008006a60                _realloc_r
 *fill*         0x0000000008006abe        0x2 
 .text._sbrk_r  0x0000000008006ac0       0x20 d:/stm32cube/stm32cubeide_1.7.0/stm32cubeide/plugins/com.st.stm32cube.ide.mcu.externaltools.gnu-tools-for-stm32.10.3-2021.10.win32_1.0.0.202111181127/tools/bin/../lib/gcc/arm-none-eabi/10.3.1/../../../../arm-none-eabi/lib/thumb/v7e-m+fp/hard\libc_nano.a(lib_a-sbrkr.o)
                0x0000000008006ac0                _sbrk_r
 .text.__malloc_lock
                0x0000000008006ae0        0xc d:/stm32cube/stm32cubeide_1.7.0/stm32cubeide/plugins/com.st.stm32cube.ide.mcu.externaltools.gnu-tools-for-stm32.10.3-2021.10.win32_1.0.0.202111181127/tools/bin/../lib/gcc/arm-none-eabi/10.3.1/../../../../arm-none-eabi/lib/thumb/v7e-m+fp/hard\libc_nano.a(lib_a-mlock.o)
                0x0000000008006ae0                __malloc_lock
 .text.__malloc_unlock
                0x0000000008006aec        0xc d:/stm32cube/stm32cubeide_1.7.0/stm32cubeide/plugins/com.st.stm32cube.ide.mcu.externaltools.gnu-tools-for-stm32.10.3-2021.10.win32_1.0.0.202111181127/tools/bin/../lib/gcc/arm-none-eabi/10.3.1/../../../../arm-none-eabi/lib/thumb/v7e-m+fp/hard\libc_nano.a(lib_a-mlock.o)
                0x0000000008006aec                __malloc_unlock
 .text._malloc_usable_size_r
                0x0000000008006af8       0x10 d:/stm32cube/stm32cubeide_1.7.0/stm32cubeide/plugins/com.st.stm32cube.ide.mcu.externaltools.gnu-tools-for-stm32.10.3-2021.10.win32_1.0.0.202111181127/tools/bin/../lib/gcc/arm-none-eabi/10.3.1/../../../../arm-none-eabi/lib/thumb/v7e-m+fp/hard\libc_nano.a(lib_a-nano-msizer.o)
                0x0000000008006af8                _malloc_usable_size_r
 .text.__retarget_lock_acquire_recursive
                0x0000000008006b08        0x2 d:/stm32cube/stm32cubeide_1.7.0/stm32cubeide/plugins/com.st.stm32cube.ide.mcu.externaltools.gnu-tools-for-stm32.10.3-2021.10.win32_1.0.0.202111181127/tools/bin/../lib/gcc/arm-none-eabi/10.3.1/../../../../arm-none-eabi/lib/thumb/v7e-m+fp/hard\libc_nano.a(lib_a-lock.o)
                0x0000000008006b08                __retarget_lock_acquire_recursive
 .text.__retarget_lock_release_recursive
                0x0000000008006b0a        0x2 d:/stm32cube/stm32cubeide_1.7.0/stm32cubeide/plugins/com.st.stm32cube.ide.mcu.externaltools.gnu-tools-for-stm32.10.3-2021.10.win32_1.0.0.202111181127/tools/bin/../lib/gcc/arm-none-eabi/10.3.1/../../../../arm-none-eabi/lib/thumb/v7e-m+fp/hard\libc_nano.a(lib_a-lock.o)
                0x0000000008006b0a                __retarget_lock_release_recursive
 *(.glue_7)
 .glue_7        0x0000000008006b0c        0x0 linker stubs
 *(.glue_7t)
 .glue_7t       0x0000000008006b0c        0x0 linker stubs
 *(.eh_frame)
 .eh_frame      0x0000000008006b0c        0x0 d:/stm32cube/stm32cubeide_1.7.0/stm32cubeide/plugins/com.st.stm32cube.ide.mcu.externaltools.gnu-tools-for-stm32.10.3-2021.10.win32_1.0.0.202111181127/tools/bin/../lib/gcc/arm-none-eabi/10.3.1/thumb/v7e-m+fp/hard/crtbegin.o
 *(.init)
 .init          0x0000000008006b0c        0x4 d:/stm32cube/stm32cubeide_1.7.0/stm32cubeide/plugins/com.st.stm32cube.ide.mcu.externaltools.gnu-tools-for-stm32.10.3-2021.10.win32_1.0.0.202111181127/tools/bin/../lib/gcc/arm-none-eabi/10.3.1/thumb/v7e-m+fp/hard/crti.o
                0x0000000008006b0c                _init
 .init          0x0000000008006b10        0x8 d:/stm32cube/stm32cubeide_1.7.0/stm32cubeide/plugins/com.st.stm32cube.ide.mcu.externaltools.gnu-tools-for-stm32.10.3-2021.10.win32_1.0.0.202111181127/tools/bin/../lib/gcc/arm-none-eabi/10.3.1/thumb/v7e-m+fp/hard/crtn.o
 *(.fini)
 .fini          0x0000000008006b18        0x4 d:/stm32cube/stm32cubeide_1.7.0/stm32cubeide/plugins/com.st.stm32cube.ide.mcu.externaltools.gnu-tools-for-stm32.10.3-2021.10.win32_1.0.0.202111181127/tools/bin/../lib/gcc/arm-none-eabi/10.3.1/thumb/v7e-m+fp/hard/crti.o
                0x0000000008006b18                _fini
 .fini          0x0000000008006b1c        0x8 d:/stm32cube/stm32cubeide_1.7.0/stm32cubeide/plugins/com.st.stm32cube.ide.mcu.externaltools.gnu-tools-for-stm32.10.3-2021.10.win32_1.0.0.202111181127/tools/bin/../lib/gcc/arm-none-eabi/10.3.1/thumb/v7e-m+fp/hard/crtn.o
                0x0000000008006b24                . = ALIGN (0x4)
                0x0000000008006b24                _etext = .

.vfp11_veneer   0x0000000008006b24        0x0
 .vfp11_veneer  0x0000000008006b24        0x0 linker stubs

.v4_bx          0x0000000008006b24        0x0
 .v4_bx         0x0000000008006b24        0x0 linker stubs

.iplt           0x0000000008006b24        0x0
 .iplt          0x0000000008006b24        0x0 d:/stm32cube/stm32cubeide_1.7.0/stm32cubeide/plugins/com.st.stm32cube.ide.mcu.externaltools.gnu-tools-for-stm32.10.3-2021.10.win32_1.0.0.202111181127/tools/bin/../lib/gcc/arm-none-eabi/10.3.1/thumb/v7e-m+fp/hard/crtbegin.o

.rodata         0x0000000008006b24       0xac
                0x0000000008006b24                . = ALIGN (0x4)
 *(.rodata)
 .rodata        0x0000000008006b24       0x17 ./Core/Src/Controller.o
 *fill*         0x0000000008006b3b        0x1 
 .rodata        0x0000000008006b3c       0x2e ./Core/Src/DHT12.o
 *fill*         0x0000000008006b6a        0x2 
 .rodata        0x0000000008006b6c       0x16 ./Core/Src/MQ9.o
 *(.rodata*)
 *fill*         0x0000000008006b82        0x2 
 .rodata.AHBPrescTable
                0x0000000008006b84       0x10 ./Core/Src/system_stm32f4xx.o
                0x0000000008006b84                AHBPrescTable
 .rodata.APBPrescTable
                0x0000000008006b94        0x8 ./Core/Src/system_stm32f4xx.o
                0x0000000008006b94                APBPrescTable
 .rodata._svfprintf_r.str1.1
                0x0000000008006b9c       0x11 d:/stm32cube/stm32cubeide_1.7.0/stm32cubeide/plugins/com.st.stm32cube.ide.mcu.externaltools.gnu-tools-for-stm32.10.3-2021.10.win32_1.0.0.202111181127/tools/bin/../lib/gcc/arm-none-eabi/10.3.1/../../../../arm-none-eabi/lib/thumb/v7e-m+fp/hard\libc_nano.a(lib_a-nano-svfprintf.o)
 .rodata._printf_i.str1.1
                0x0000000008006bad       0x22 d:/stm32cube/stm32cubeide_1.7.0/stm32cubeide/plugins/com.st.stm32cube.ide.mcu.externaltools.gnu-tools-for-stm32.10.3-2021.10.win32_1.0.0.202111181127/tools/bin/../lib/gcc/arm-none-eabi/10.3.1/../../../../arm-none-eabi/lib/thumb/v7e-m+fp/hard\libc_nano.a(lib_a-nano-vfprintf_i.o)
                0x0000000008006bd0                . = ALIGN (0x4)
 *fill*         0x0000000008006bcf        0x1 

.ARM.extab      0x0000000008006bd0        0x0
                0x0000000008006bd0                . = ALIGN (0x4)
 *(.ARM.extab* .gnu.linkonce.armextab.*)
                0x0000000008006bd0                . = ALIGN (0x4)

.ARM            0x0000000008006bd0        0x8
                0x0000000008006bd0                . = ALIGN (0x4)
                0x0000000008006bd0                __exidx_start = .
 *(.ARM.exidx*)
 .ARM.exidx     0x0000000008006bd0        0x8 d:/stm32cube/stm32cubeide_1.7.0/stm32cubeide/plugins/com.st.stm32cube.ide.mcu.externaltools.gnu-tools-for-stm32.10.3-2021.10.win32_1.0.0.202111181127/tools/bin/../lib/gcc/arm-none-eabi/10.3.1/thumb/v7e-m+fp/hard\libgcc.a(_udivmoddi4.o)
                0x0000000008006bd8                __exidx_end = .
                0x0000000008006bd8                . = ALIGN (0x4)

.rel.dyn        0x0000000008006bd8        0x0
 .rel.iplt      0x0000000008006bd8        0x0 d:/stm32cube/stm32cubeide_1.7.0/stm32cubeide/plugins/com.st.stm32cube.ide.mcu.externaltools.gnu-tools-for-stm32.10.3-2021.10.win32_1.0.0.202111181127/tools/bin/../lib/gcc/arm-none-eabi/10.3.1/thumb/v7e-m+fp/hard/crtbegin.o

.preinit_array  0x0000000008006bd8        0x0
                0x0000000008006bd8                . = ALIGN (0x4)
                0x0000000008006bd8                PROVIDE (__preinit_array_start = .)
 *(.preinit_array*)
                0x0000000008006bd8                PROVIDE (__preinit_array_end = .)
                0x0000000008006bd8                . = ALIGN (0x4)

.init_array     0x0000000008006bd8        0x4
                0x0000000008006bd8                . = ALIGN (0x4)
                0x0000000008006bd8                PROVIDE (__init_array_start = .)
 *(SORT_BY_NAME(.init_array.*))
 *(.init_array*)
 .init_array    0x0000000008006bd8        0x4 d:/stm32cube/stm32cubeide_1.7.0/stm32cubeide/plugins/com.st.stm32cube.ide.mcu.externaltools.gnu-tools-for-stm32.10.3-2021.10.win32_1.0.0.202111181127/tools/bin/../lib/gcc/arm-none-eabi/10.3.1/thumb/v7e-m+fp/hard/crtbegin.o
                0x0000000008006bdc                PROVIDE (__init_array_end = .)
                0x0000000008006bdc                . = ALIGN (0x4)

.fini_array     0x0000000008006bdc        0x4
                0x0000000008006bdc                . = ALIGN (0x4)
                [!provide]                        PROVIDE (__fini_array_start = .)
 *(SORT_BY_NAME(.fini_array.*))
 *(.fini_array*)
 .fini_array    0x0000000008006bdc        0x4 d:/stm32cube/stm32cubeide_1.7.0/stm32cubeide/plugins/com.st.stm32cube.ide.mcu.externaltools.gnu-tools-for-stm32.10.3-2021.10.win32_1.0.0.202111181127/tools/bin/../lib/gcc/arm-none-eabi/10.3.1/thumb/v7e-m+fp/hard/crtbegin.o
                [!provide]                        PROVIDE (__fini_array_end = .)
                0x0000000008006be0                . = ALIGN (0x4)
                0x0000000008006be0                _sidata = LOADADDR (.data)

.data           0x0000000020000000       0x70 load address 0x0000000008006be0
                0x0000000020000000                . = ALIGN (0x4)
                0x0000000020000000                _sdata = .
 *(.data)
 *(.data*)
 .data.SystemCoreClock
                0x0000000020000000        0x4 ./Core/Src/system_stm32f4xx.o
                0x0000000020000000                SystemCoreClock
 .data.uwTickPrio
                0x0000000020000004        0x4 ./Drivers/STM32F4xx_HAL_Driver/Src/stm32f4xx_hal.o
                0x0000000020000004                uwTickPrio
 .data.uwTickFreq
                0x0000000020000008        0x1 ./Drivers/STM32F4xx_HAL_Driver/Src/stm32f4xx_hal.o
                0x0000000020000008                uwTickFreq
 *fill*         0x0000000020000009        0x3 
 .data._impure_ptr
                0x000000002000000c        0x4 d:/stm32cube/stm32cubeide_1.7.0/stm32cubeide/plugins/com.st.stm32cube.ide.mcu.externaltools.gnu-tools-for-stm32.10.3-2021.10.win32_1.0.0.202111181127/tools/bin/../lib/gcc/arm-none-eabi/10.3.1/../../../../arm-none-eabi/lib/thumb/v7e-m+fp/hard\libc_nano.a(lib_a-impure.o)
                0x000000002000000c                _impure_ptr
 .data.impure_data
                0x0000000020000010       0x60 d:/stm32cube/stm32cubeide_1.7.0/stm32cubeide/plugins/com.st.stm32cube.ide.mcu.externaltools.gnu-tools-for-stm32.10.3-2021.10.win32_1.0.0.202111181127/tools/bin/../lib/gcc/arm-none-eabi/10.3.1/../../../../arm-none-eabi/lib/thumb/v7e-m+fp/hard\libc_nano.a(lib_a-impure.o)
 *(.RamFunc)
 *(.RamFunc*)
                0x0000000020000070                . = ALIGN (0x4)
                0x0000000020000070                _edata = .

.igot.plt       0x0000000020000070        0x0 load address 0x0000000008006c50
 .igot.plt      0x0000000020000070        0x0 d:/stm32cube/stm32cubeide_1.7.0/stm32cubeide/plugins/com.st.stm32cube.ide.mcu.externaltools.gnu-tools-for-stm32.10.3-2021.10.win32_1.0.0.202111181127/tools/bin/../lib/gcc/arm-none-eabi/10.3.1/thumb/v7e-m+fp/hard/crtbegin.o
                0x0000000020000070                . = ALIGN (0x4)

.bss            0x0000000020000070      0x3e8 load address 0x0000000008006c50
                0x0000000020000070                _sbss = .
                0x0000000020000070                __bss_start__ = _sbss
 *(.bss)
 .bss           0x0000000020000070       0x1c d:/stm32cube/stm32cubeide_1.7.0/stm32cubeide/plugins/com.st.stm32cube.ide.mcu.externaltools.gnu-tools-for-stm32.10.3-2021.10.win32_1.0.0.202111181127/tools/bin/../lib/gcc/arm-none-eabi/10.3.1/thumb/v7e-m+fp/hard/crtbegin.o
 *(.bss*)
 .bss.cseq      0x000000002000008c        0x1 ./Core/Src/Controller.o
                0x000000002000008c                cseq
 .bss.timeOutCount
                0x000000002000008d        0x1 ./Core/Src/Controller.o
                0x000000002000008d                timeOutCount
 .bss.timeOutLimit
                0x000000002000008e        0x1 ./Core/Src/Controller.o
                0x000000002000008e                timeOutLimit
 .bss.type      0x000000002000008f        0x1 ./Core/Src/Controller.o
                0x000000002000008f                type
 .bss.hi2c      0x0000000020000090       0x54 ./Core/Src/Controller.o
                0x0000000020000090                hi2c
 .bss.huart     0x00000000200000e4       0x44 ./Core/Src/Controller.o
                0x00000000200000e4                huart
 .bss.adc       0x0000000020000128       0x48 ./Core/Src/Controller.o
                0x0000000020000128                adc
 .bss.response  0x0000000020000170       0x32 ./Core/Src/Controller.o
                0x0000000020000170                response
 .bss.state     0x00000000200001a2        0x1 ./Core/Src/Controller.o
                0x00000000200001a2                state
 *fill*         0x00000000200001a3        0x1 
 .bss.tempInt   0x00000000200001a4        0x2 ./Core/Src/DHT12.o
                0x00000000200001a4                tempInt
 .bss.temp_float
                0x00000000200001a6        0x1 ./Core/Src/DHT12.o
                0x00000000200001a6                temp_float
 .bss.humid_int
                0x00000000200001a7        0x1 ./Core/Src/DHT12.o
                0x00000000200001a7                humid_int
 .bss.humid_float
                0x00000000200001a8        0x1 ./Core/Src/DHT12.o
                0x00000000200001a8                humid_float
 .bss.checksum  0x00000000200001a9        0x1 ./Core/Src/DHT12.o
                0x00000000200001a9                checksum
 *fill*         0x00000000200001aa        0x2 
 .bss.buf       0x00000000200001ac        0x5 ./Core/Src/DHT12.o
                0x00000000200001ac                buf
 *fill*         0x00000000200001b1        0x3 
 .bss.str       0x00000000200001b4       0x32 ./Core/Src/DHT12.o
                0x00000000200001b4                str
 *fill*         0x00000000200001e6        0x2 
 .bss.Ratio     0x00000000200001e8        0x4 ./Core/Src/MQ9.o
                0x00000000200001e8                Ratio
 .bss.str1      0x00000000200001ec       0x32 ./Core/Src/MQ9.o
                0x00000000200001ec                str1
 *fill*         0x000000002000021e        0x2 
 .bss.counter1  0x0000000020000220        0x4 ./Core/Src/SoftwareTimer.o
                0x0000000020000220                counter1
 .bss.timer1_flag
                0x0000000020000224        0x4 ./Core/Src/SoftwareTimer.o
                0x0000000020000224                timer1_flag
 .bss.counter2  0x0000000020000228        0x4 ./Core/Src/SoftwareTimer.o
                0x0000000020000228                counter2
 .bss.timer2_flag
                0x000000002000022c        0x4 ./Core/Src/SoftwareTimer.o
                0x000000002000022c                timer2_flag
 .bss.counter3  0x0000000020000230        0x4 ./Core/Src/SoftwareTimer.o
                0x0000000020000230                counter3
 .bss.timer3_flag
                0x0000000020000234        0x4 ./Core/Src/SoftwareTimer.o
                0x0000000020000234                timer3_flag
 .bss.counter4  0x0000000020000238        0x4 ./Core/Src/SoftwareTimer.o
                0x0000000020000238                counter4
 .bss.timer4_flag
                0x000000002000023c        0x4 ./Core/Src/SoftwareTimer.o
                0x000000002000023c                timer4_flag
 .bss.hadc1     0x0000000020000240       0x48 ./Core/Src/main.o
                0x0000000020000240                hadc1
 .bss.hi2c2     0x0000000020000288       0x54 ./Core/Src/main.o
                0x0000000020000288                hi2c2
 .bss.htim2     0x00000000200002dc       0x48 ./Core/Src/main.o
                0x00000000200002dc                htim2
 .bss.huart2    0x0000000020000324       0x44 ./Core/Src/main.o
                0x0000000020000324                huart2
 .bss.temp      0x0000000020000368        0x6 ./Core/Src/main.o
                0x0000000020000368                temp
 *fill*         0x000000002000036e        0x2 
 .bss.task_count
                0x0000000020000370        0x4 ./Core/Src/scheduler.o
                0x0000000020000370                task_count
 .bss.Error_code
                0x0000000020000374        0x1 ./Core/Src/scheduler.o
                0x0000000020000374                Error_code
 .bss.Last_Error_code
                0x0000000020000375        0x1 ./Core/Src/scheduler.o
                0x0000000020000375                Last_Error_code
 *fill*         0x0000000020000376        0x2 
 .bss.SCH_tasks
                0x0000000020000378       0xc8 ./Core/Src/scheduler.o
                0x0000000020000378                SCH_tasks
 .bss.__sbrk_heap_end
                0x0000000020000440        0x4 ./Core/Src/sysmem.o
 .bss.uwTick    0x0000000020000444        0x4 ./Drivers/STM32F4xx_HAL_Driver/Src/stm32f4xx_hal.o
                0x0000000020000444                uwTick
 .bss.__malloc_free_list
                0x0000000020000448        0x4 d:/stm32cube/stm32cubeide_1.7.0/stm32cubeide/plugins/com.st.stm32cube.ide.mcu.externaltools.gnu-tools-for-stm32.10.3-2021.10.win32_1.0.0.202111181127/tools/bin/../lib/gcc/arm-none-eabi/10.3.1/../../../../arm-none-eabi/lib/thumb/v7e-m+fp/hard\libc_nano.a(lib_a-nano-mallocr.o)
                0x0000000020000448                __malloc_free_list
 .bss.__malloc_sbrk_start
                0x000000002000044c        0x4 d:/stm32cube/stm32cubeide_1.7.0/stm32cubeide/plugins/com.st.stm32cube.ide.mcu.externaltools.gnu-tools-for-stm32.10.3-2021.10.win32_1.0.0.202111181127/tools/bin/../lib/gcc/arm-none-eabi/10.3.1/../../../../arm-none-eabi/lib/thumb/v7e-m+fp/hard\libc_nano.a(lib_a-nano-mallocr.o)
                0x000000002000044c                __malloc_sbrk_start
 .bss.errno     0x0000000020000450        0x4 d:/stm32cube/stm32cubeide_1.7.0/stm32cubeide/plugins/com.st.stm32cube.ide.mcu.externaltools.gnu-tools-for-stm32.10.3-2021.10.win32_1.0.0.202111181127/tools/bin/../lib/gcc/arm-none-eabi/10.3.1/../../../../arm-none-eabi/lib/thumb/v7e-m+fp/hard\libc_nano.a(lib_a-reent.o)
                0x0000000020000450                errno
 .bss.__lock___malloc_recursive_mutex
                0x0000000020000454        0x1 d:/stm32cube/stm32cubeide_1.7.0/stm32cubeide/plugins/com.st.stm32cube.ide.mcu.externaltools.gnu-tools-for-stm32.10.3-2021.10.win32_1.0.0.202111181127/tools/bin/../lib/gcc/arm-none-eabi/10.3.1/../../../../arm-none-eabi/lib/thumb/v7e-m+fp/hard\libc_nano.a(lib_a-lock.o)
                0x0000000020000454                __lock___malloc_recursive_mutex
 *(COMMON)
                0x0000000020000458                . = ALIGN (0x4)
 *fill*         0x0000000020000455        0x3 
                0x0000000020000458                _ebss = .
                0x0000000020000458                __bss_end__ = _ebss

._user_heap_stack
                0x0000000020000458      0x600 load address 0x0000000008006c50
                0x0000000020000458                . = ALIGN (0x8)
                [!provide]                        PROVIDE (end = .)
                0x0000000020000458                PROVIDE (_end = .)
                0x0000000020000658                . = (. + _Min_Heap_Size)
 *fill*         0x0000000020000458      0x200 
                0x0000000020000a58                . = (. + _Min_Stack_Size)
 *fill*         0x0000000020000658      0x400 
                0x0000000020000a58                . = ALIGN (0x8)

/DISCARD/
 libc.a(*)
 libm.a(*)
 libgcc.a(*)

.ARM.attributes
                0x0000000000000000       0x30
 *(.ARM.attributes)
 .ARM.attributes
                0x0000000000000000       0x1e d:/stm32cube/stm32cubeide_1.7.0/stm32cubeide/plugins/com.st.stm32cube.ide.mcu.externaltools.gnu-tools-for-stm32.10.3-2021.10.win32_1.0.0.202111181127/tools/bin/../lib/gcc/arm-none-eabi/10.3.1/thumb/v7e-m+fp/hard/crti.o
 .ARM.attributes
                0x000000000000001e       0x34 d:/stm32cube/stm32cubeide_1.7.0/stm32cubeide/plugins/com.st.stm32cube.ide.mcu.externaltools.gnu-tools-for-stm32.10.3-2021.10.win32_1.0.0.202111181127/tools/bin/../lib/gcc/arm-none-eabi/10.3.1/thumb/v7e-m+fp/hard/crtbegin.o
 .ARM.attributes
                0x0000000000000052       0x34 ./Core/Src/Controller.o
 .ARM.attributes
                0x0000000000000086       0x34 ./Core/Src/DHT12.o
 .ARM.attributes
                0x00000000000000ba       0x34 ./Core/Src/MQ9.o
 .ARM.attributes
                0x00000000000000ee       0x34 ./Core/Src/SoftwareTimer.o
 .ARM.attributes
                0x0000000000000122       0x34 ./Core/Src/main.o
 .ARM.attributes
                0x0000000000000156       0x34 ./Core/Src/scheduler.o
 .ARM.attributes
                0x000000000000018a       0x34 ./Core/Src/stm32f4xx_hal_msp.o
 .ARM.attributes
                0x00000000000001be       0x34 ./Core/Src/stm32f4xx_it.o
 .ARM.attributes
                0x00000000000001f2       0x34 ./Core/Src/sysmem.o
 .ARM.attributes
                0x0000000000000226       0x34 ./Core/Src/system_stm32f4xx.o
 .ARM.attributes
                0x000000000000025a       0x21 ./Core/Startup/startup_stm32f411retx.o
 .ARM.attributes
                0x000000000000027b       0x34 ./Drivers/STM32F4xx_HAL_Driver/Src/stm32f4xx_hal.o
 .ARM.attributes
                0x00000000000002af       0x34 ./Drivers/STM32F4xx_HAL_Driver/Src/stm32f4xx_hal_adc.o
 .ARM.attributes
                0x00000000000002e3       0x34 ./Drivers/STM32F4xx_HAL_Driver/Src/stm32f4xx_hal_cortex.o
 .ARM.attributes
                0x0000000000000317       0x34 ./Drivers/STM32F4xx_HAL_Driver/Src/stm32f4xx_hal_dma.o
 .ARM.attributes
                0x000000000000034b       0x34 ./Drivers/STM32F4xx_HAL_Driver/Src/stm32f4xx_hal_gpio.o
 .ARM.attributes
                0x000000000000037f       0x34 ./Drivers/STM32F4xx_HAL_Driver/Src/stm32f4xx_hal_i2c.o
 .ARM.attributes
                0x00000000000003b3       0x34 ./Drivers/STM32F4xx_HAL_Driver/Src/stm32f4xx_hal_rcc.o
 .ARM.attributes
                0x00000000000003e7       0x34 ./Drivers/STM32F4xx_HAL_Driver/Src/stm32f4xx_hal_tim.o
 .ARM.attributes
                0x000000000000041b       0x34 ./Drivers/STM32F4xx_HAL_Driver/Src/stm32f4xx_hal_tim_ex.o
 .ARM.attributes
                0x000000000000044f       0x34 ./Drivers/STM32F4xx_HAL_Driver/Src/stm32f4xx_hal_uart.o
 .ARM.attributes
                0x0000000000000483       0x34 d:/stm32cube/stm32cubeide_1.7.0/stm32cubeide/plugins/com.st.stm32cube.ide.mcu.externaltools.gnu-tools-for-stm32.10.3-2021.10.win32_1.0.0.202111181127/tools/bin/../lib/gcc/arm-none-eabi/10.3.1/../../../../arm-none-eabi/lib/thumb/v7e-m+fp/hard\libc_nano.a(lib_a-errno.o)
 .ARM.attributes
                0x00000000000004b7       0x34 d:/stm32cube/stm32cubeide_1.7.0/stm32cubeide/plugins/com.st.stm32cube.ide.mcu.externaltools.gnu-tools-for-stm32.10.3-2021.10.win32_1.0.0.202111181127/tools/bin/../lib/gcc/arm-none-eabi/10.3.1/../../../../arm-none-eabi/lib/thumb/v7e-m+fp/hard\libc_nano.a(lib_a-impure.o)
 .ARM.attributes
                0x00000000000004eb       0x34 d:/stm32cube/stm32cubeide_1.7.0/stm32cubeide/plugins/com.st.stm32cube.ide.mcu.externaltools.gnu-tools-for-stm32.10.3-2021.10.win32_1.0.0.202111181127/tools/bin/../lib/gcc/arm-none-eabi/10.3.1/../../../../arm-none-eabi/lib/thumb/v7e-m+fp/hard\libc_nano.a(lib_a-init.o)
 .ARM.attributes
                0x000000000000051f       0x34 d:/stm32cube/stm32cubeide_1.7.0/stm32cubeide/plugins/com.st.stm32cube.ide.mcu.externaltools.gnu-tools-for-stm32.10.3-2021.10.win32_1.0.0.202111181127/tools/bin/../lib/gcc/arm-none-eabi/10.3.1/../../../../arm-none-eabi/lib/thumb/v7e-m+fp/hard\libc_nano.a(lib_a-memcpy-stub.o)
 .ARM.attributes
                0x0000000000000553       0x34 d:/stm32cube/stm32cubeide_1.7.0/stm32cubeide/plugins/com.st.stm32cube.ide.mcu.externaltools.gnu-tools-for-stm32.10.3-2021.10.win32_1.0.0.202111181127/tools/bin/../lib/gcc/arm-none-eabi/10.3.1/../../../../arm-none-eabi/lib/thumb/v7e-m+fp/hard\libc_nano.a(lib_a-memset.o)
 .ARM.attributes
                0x0000000000000587       0x34 d:/stm32cube/stm32cubeide_1.7.0/stm32cubeide/plugins/com.st.stm32cube.ide.mcu.externaltools.gnu-tools-for-stm32.10.3-2021.10.win32_1.0.0.202111181127/tools/bin/../lib/gcc/arm-none-eabi/10.3.1/../../../../arm-none-eabi/lib/thumb/v7e-m+fp/hard\libc_nano.a(lib_a-sprintf.o)
 .ARM.attributes
                0x00000000000005bb       0x34 d:/stm32cube/stm32cubeide_1.7.0/stm32cubeide/plugins/com.st.stm32cube.ide.mcu.externaltools.gnu-tools-for-stm32.10.3-2021.10.win32_1.0.0.202111181127/tools/bin/../lib/gcc/arm-none-eabi/10.3.1/../../../../arm-none-eabi/lib/thumb/v7e-m+fp/hard\libc_nano.a(lib_a-nano-svfprintf.o)
 .ARM.attributes
                0x00000000000005ef       0x34 d:/stm32cube/stm32cubeide_1.7.0/stm32cubeide/plugins/com.st.stm32cube.ide.mcu.externaltools.gnu-tools-for-stm32.10.3-2021.10.win32_1.0.0.202111181127/tools/bin/../lib/gcc/arm-none-eabi/10.3.1/../../../../arm-none-eabi/lib/thumb/v7e-m+fp/hard\libc_nano.a(lib_a-nano-vfprintf_i.o)
 .ARM.attributes
                0x0000000000000623       0x1c d:/stm32cube/stm32cubeide_1.7.0/stm32cubeide/plugins/com.st.stm32cube.ide.mcu.externaltools.gnu-tools-for-stm32.10.3-2021.10.win32_1.0.0.202111181127/tools/bin/../lib/gcc/arm-none-eabi/10.3.1/../../../../arm-none-eabi/lib/thumb/v7e-m+fp/hard\libc_nano.a(lib_a-memchr.o)
 .ARM.attributes
                0x000000000000063f       0x34 d:/stm32cube/stm32cubeide_1.7.0/stm32cubeide/plugins/com.st.stm32cube.ide.mcu.externaltools.gnu-tools-for-stm32.10.3-2021.10.win32_1.0.0.202111181127/tools/bin/../lib/gcc/arm-none-eabi/10.3.1/../../../../arm-none-eabi/lib/thumb/v7e-m+fp/hard\libc_nano.a(lib_a-memmove.o)
 .ARM.attributes
                0x0000000000000673       0x34 d:/stm32cube/stm32cubeide_1.7.0/stm32cubeide/plugins/com.st.stm32cube.ide.mcu.externaltools.gnu-tools-for-stm32.10.3-2021.10.win32_1.0.0.202111181127/tools/bin/../lib/gcc/arm-none-eabi/10.3.1/../../../../arm-none-eabi/lib/thumb/v7e-m+fp/hard\libc_nano.a(lib_a-nano-freer.o)
 .ARM.attributes
                0x00000000000006a7       0x34 d:/stm32cube/stm32cubeide_1.7.0/stm32cubeide/plugins/com.st.stm32cube.ide.mcu.externaltools.gnu-tools-for-stm32.10.3-2021.10.win32_1.0.0.202111181127/tools/bin/../lib/gcc/arm-none-eabi/10.3.1/../../../../arm-none-eabi/lib/thumb/v7e-m+fp/hard\libc_nano.a(lib_a-nano-mallocr.o)
 .ARM.attributes
                0x00000000000006db       0x34 d:/stm32cube/stm32cubeide_1.7.0/stm32cubeide/plugins/com.st.stm32cube.ide.mcu.externaltools.gnu-tools-for-stm32.10.3-2021.10.win32_1.0.0.202111181127/tools/bin/../lib/gcc/arm-none-eabi/10.3.1/../../../../arm-none-eabi/lib/thumb/v7e-m+fp/hard\libc_nano.a(lib_a-nano-reallocr.o)
 .ARM.attributes
                0x000000000000070f       0x34 d:/stm32cube/stm32cubeide_1.7.0/stm32cubeide/plugins/com.st.stm32cube.ide.mcu.externaltools.gnu-tools-for-stm32.10.3-2021.10.win32_1.0.0.202111181127/tools/bin/../lib/gcc/arm-none-eabi/10.3.1/../../../../arm-none-eabi/lib/thumb/v7e-m+fp/hard\libc_nano.a(lib_a-sbrkr.o)
 .ARM.attributes
                0x0000000000000743       0x34 d:/stm32cube/stm32cubeide_1.7.0/stm32cubeide/plugins/com.st.stm32cube.ide.mcu.externaltools.gnu-tools-for-stm32.10.3-2021.10.win32_1.0.0.202111181127/tools/bin/../lib/gcc/arm-none-eabi/10.3.1/../../../../arm-none-eabi/lib/thumb/v7e-m+fp/hard\libc_nano.a(lib_a-mlock.o)
 .ARM.attributes
                0x0000000000000777       0x34 d:/stm32cube/stm32cubeide_1.7.0/stm32cubeide/plugins/com.st.stm32cube.ide.mcu.externaltools.gnu-tools-for-stm32.10.3-2021.10.win32_1.0.0.202111181127/tools/bin/../lib/gcc/arm-none-eabi/10.3.1/../../../../arm-none-eabi/lib/thumb/v7e-m+fp/hard\libc_nano.a(lib_a-nano-msizer.o)
 .ARM.attributes
                0x00000000000007ab       0x34 d:/stm32cube/stm32cubeide_1.7.0/stm32cubeide/plugins/com.st.stm32cube.ide.mcu.externaltools.gnu-tools-for-stm32.10.3-2021.10.win32_1.0.0.202111181127/tools/bin/../lib/gcc/arm-none-eabi/10.3.1/../../../../arm-none-eabi/lib/thumb/v7e-m+fp/hard\libc_nano.a(lib_a-reent.o)
 .ARM.attributes
                0x00000000000007df       0x34 d:/stm32cube/stm32cubeide_1.7.0/stm32cubeide/plugins/com.st.stm32cube.ide.mcu.externaltools.gnu-tools-for-stm32.10.3-2021.10.win32_1.0.0.202111181127/tools/bin/../lib/gcc/arm-none-eabi/10.3.1/../../../../arm-none-eabi/lib/thumb/v7e-m+fp/hard\libc_nano.a(lib_a-lock.o)
 .ARM.attributes
                0x0000000000000813       0x1e d:/stm32cube/stm32cubeide_1.7.0/stm32cubeide/plugins/com.st.stm32cube.ide.mcu.externaltools.gnu-tools-for-stm32.10.3-2021.10.win32_1.0.0.202111181127/tools/bin/../lib/gcc/arm-none-eabi/10.3.1/thumb/v7e-m+fp/hard\libgcc.a(_arm_addsubdf3.o)
 .ARM.attributes
                0x0000000000000831       0x1e d:/stm32cube/stm32cubeide_1.7.0/stm32cubeide/plugins/com.st.stm32cube.ide.mcu.externaltools.gnu-tools-for-stm32.10.3-2021.10.win32_1.0.0.202111181127/tools/bin/../lib/gcc/arm-none-eabi/10.3.1/thumb/v7e-m+fp/hard\libgcc.a(_arm_muldivdf3.o)
 .ARM.attributes
                0x000000000000084f       0x1e d:/stm32cube/stm32cubeide_1.7.0/stm32cubeide/plugins/com.st.stm32cube.ide.mcu.externaltools.gnu-tools-for-stm32.10.3-2021.10.win32_1.0.0.202111181127/tools/bin/../lib/gcc/arm-none-eabi/10.3.1/thumb/v7e-m+fp/hard\libgcc.a(_arm_truncdfsf2.o)
 .ARM.attributes
                0x000000000000086d       0x1e d:/stm32cube/stm32cubeide_1.7.0/stm32cubeide/plugins/com.st.stm32cube.ide.mcu.externaltools.gnu-tools-for-stm32.10.3-2021.10.win32_1.0.0.202111181127/tools/bin/../lib/gcc/arm-none-eabi/10.3.1/thumb/v7e-m+fp/hard\libgcc.a(_aeabi_uldivmod.o)
 .ARM.attributes
                0x000000000000088b       0x34 d:/stm32cube/stm32cubeide_1.7.0/stm32cubeide/plugins/com.st.stm32cube.ide.mcu.externaltools.gnu-tools-for-stm32.10.3-2021.10.win32_1.0.0.202111181127/tools/bin/../lib/gcc/arm-none-eabi/10.3.1/thumb/v7e-m+fp/hard\libgcc.a(_udivmoddi4.o)
 .ARM.attributes
                0x00000000000008bf       0x1e d:/stm32cube/stm32cubeide_1.7.0/stm32cubeide/plugins/com.st.stm32cube.ide.mcu.externaltools.gnu-tools-for-stm32.10.3-2021.10.win32_1.0.0.202111181127/tools/bin/../lib/gcc/arm-none-eabi/10.3.1/thumb/v7e-m+fp/hard\libgcc.a(_dvmd_tls.o)
 .ARM.attributes
                0x00000000000008dd       0x1e d:/stm32cube/stm32cubeide_1.7.0/stm32cubeide/plugins/com.st.stm32cube.ide.mcu.externaltools.gnu-tools-for-stm32.10.3-2021.10.win32_1.0.0.202111181127/tools/bin/../lib/gcc/arm-none-eabi/10.3.1/thumb/v7e-m+fp/hard/crtn.o
OUTPUT(STM32.elf elf32-littlearm)
LOAD linker stubs
LOAD d:/stm32cube/stm32cubeide_1.7.0/stm32cubeide/plugins/com.st.stm32cube.ide.mcu.externaltools.gnu-tools-for-stm32.10.3-2021.10.win32_1.0.0.202111181127/tools/bin/../lib/gcc/arm-none-eabi/10.3.1/../../../../arm-none-eabi/lib/thumb/v7e-m+fp/hard\libc.a
LOAD d:/stm32cube/stm32cubeide_1.7.0/stm32cubeide/plugins/com.st.stm32cube.ide.mcu.externaltools.gnu-tools-for-stm32.10.3-2021.10.win32_1.0.0.202111181127/tools/bin/../lib/gcc/arm-none-eabi/10.3.1/../../../../arm-none-eabi/lib/thumb/v7e-m+fp/hard\libm.a
LOAD d:/stm32cube/stm32cubeide_1.7.0/stm32cubeide/plugins/com.st.stm32cube.ide.mcu.externaltools.gnu-tools-for-stm32.10.3-2021.10.win32_1.0.0.202111181127/tools/bin/../lib/gcc/arm-none-eabi/10.3.1/thumb/v7e-m+fp/hard\libgcc.a

.debug_info     0x0000000000000000    0x13ea2
 .debug_info    0x0000000000000000      0xeee ./Core/Src/Controller.o
 .debug_info    0x0000000000000eee      0xa67 ./Core/Src/DHT12.o
 .debug_info    0x0000000000001955      0xa10 ./Core/Src/MQ9.o
 .debug_info    0x0000000000002365      0x1b9 ./Core/Src/SoftwareTimer.o
 .debug_info    0x000000000000251e     0x187b ./Core/Src/main.o
 .debug_info    0x0000000000003d99      0x329 ./Core/Src/scheduler.o
 .debug_info    0x00000000000040c2     0x1573 ./Core/Src/stm32f4xx_hal_msp.o
 .debug_info    0x0000000000005635      0x9d8 ./Core/Src/stm32f4xx_it.o
 .debug_info    0x000000000000600d      0x171 ./Core/Src/sysmem.o
 .debug_info    0x000000000000617e      0x54f ./Core/Src/system_stm32f4xx.o
 .debug_info    0x00000000000066cd       0x22 ./Core/Startup/startup_stm32f411retx.o
 .debug_info    0x00000000000066ef      0x90d ./Drivers/STM32F4xx_HAL_Driver/Src/stm32f4xx_hal.o
 .debug_info    0x0000000000006ffc      0xd68 ./Drivers/STM32F4xx_HAL_Driver/Src/stm32f4xx_hal_adc.o
 .debug_info    0x0000000000007d64      0xd8b ./Drivers/STM32F4xx_HAL_Driver/Src/stm32f4xx_hal_cortex.o
 .debug_info    0x0000000000008aef      0x947 ./Drivers/STM32F4xx_HAL_Driver/Src/stm32f4xx_hal_dma.o
 .debug_info    0x0000000000009436      0x78e ./Drivers/STM32F4xx_HAL_Driver/Src/stm32f4xx_hal_gpio.o
 .debug_info    0x0000000000009bc4     0x260f ./Drivers/STM32F4xx_HAL_Driver/Src/stm32f4xx_hal_i2c.o
 .debug_info    0x000000000000c1d3      0x98d ./Drivers/STM32F4xx_HAL_Driver/Src/stm32f4xx_hal_rcc.o
 .debug_info    0x000000000000cb60     0x2bb6 ./Drivers/STM32F4xx_HAL_Driver/Src/stm32f4xx_hal_tim.o
 .debug_info    0x000000000000f716     0x15d8 ./Drivers/STM32F4xx_HAL_Driver/Src/stm32f4xx_hal_tim_ex.o
 .debug_info    0x0000000000010cee     0x31b4 ./Drivers/STM32F4xx_HAL_Driver/Src/stm32f4xx_hal_uart.o

.debug_abbrev   0x0000000000000000     0x293e
 .debug_abbrev  0x0000000000000000      0x21b ./Core/Src/Controller.o
 .debug_abbrev  0x000000000000021b      0x1f8 ./Core/Src/DHT12.o
 .debug_abbrev  0x0000000000000413      0x1f6 ./Core/Src/MQ9.o
 .debug_abbrev  0x0000000000000609       0xb6 ./Core/Src/SoftwareTimer.o
 .debug_abbrev  0x00000000000006bf      0x2e9 ./Core/Src/main.o
 .debug_abbrev  0x00000000000009a8      0x19b ./Core/Src/scheduler.o
 .debug_abbrev  0x0000000000000b43      0x20a ./Core/Src/stm32f4xx_hal_msp.o
 .debug_abbrev  0x0000000000000d4d      0x19c ./Core/Src/stm32f4xx_it.o
 .debug_abbrev  0x0000000000000ee9       0xbb ./Core/Src/sysmem.o
 .debug_abbrev  0x0000000000000fa4      0x116 ./Core/Src/system_stm32f4xx.o
 .debug_abbrev  0x00000000000010ba       0x12 ./Core/Startup/startup_stm32f411retx.o
 .debug_abbrev  0x00000000000010cc      0x23e ./Drivers/STM32F4xx_HAL_Driver/Src/stm32f4xx_hal.o
 .debug_abbrev  0x000000000000130a      0x204 ./Drivers/STM32F4xx_HAL_Driver/Src/stm32f4xx_hal_adc.o
 .debug_abbrev  0x000000000000150e      0x316 ./Drivers/STM32F4xx_HAL_Driver/Src/stm32f4xx_hal_cortex.o
 .debug_abbrev  0x0000000000001824      0x21b ./Drivers/STM32F4xx_HAL_Driver/Src/stm32f4xx_hal_dma.o
 .debug_abbrev  0x0000000000001a3f      0x1c4 ./Drivers/STM32F4xx_HAL_Driver/Src/stm32f4xx_hal_gpio.o
 .debug_abbrev  0x0000000000001c03      0x2a8 ./Drivers/STM32F4xx_HAL_Driver/Src/stm32f4xx_hal_i2c.o
 .debug_abbrev  0x0000000000001eab      0x2aa ./Drivers/STM32F4xx_HAL_Driver/Src/stm32f4xx_hal_rcc.o
 .debug_abbrev  0x0000000000002155      0x26e ./Drivers/STM32F4xx_HAL_Driver/Src/stm32f4xx_hal_tim.o
 .debug_abbrev  0x00000000000023c3      0x276 ./Drivers/STM32F4xx_HAL_Driver/Src/stm32f4xx_hal_tim_ex.o
 .debug_abbrev  0x0000000000002639      0x305 ./Drivers/STM32F4xx_HAL_Driver/Src/stm32f4xx_hal_uart.o

.debug_aranges  0x0000000000000000     0x1110
 .debug_aranges
                0x0000000000000000       0x40 ./Core/Src/Controller.o
 .debug_aranges
                0x0000000000000040       0x28 ./Core/Src/DHT12.o
 .debug_aranges
                0x0000000000000068       0x30 ./Core/Src/MQ9.o
 .debug_aranges
                0x0000000000000098       0x40 ./Core/Src/SoftwareTimer.o
 .debug_aranges
                0x00000000000000d8       0x68 ./Core/Src/main.o
 .debug_aranges
                0x0000000000000140       0x58 ./Core/Src/scheduler.o
 .debug_aranges
                0x0000000000000198       0x60 ./Core/Src/stm32f4xx_hal_msp.o
 .debug_aranges
                0x00000000000001f8       0x70 ./Core/Src/stm32f4xx_it.o
 .debug_aranges
                0x0000000000000268       0x20 ./Core/Src/sysmem.o
 .debug_aranges
                0x0000000000000288       0x28 ./Core/Src/system_stm32f4xx.o
 .debug_aranges
                0x00000000000002b0       0x28 ./Core/Startup/startup_stm32f411retx.o
 .debug_aranges
                0x00000000000002d8       0xf0 ./Drivers/STM32F4xx_HAL_Driver/Src/stm32f4xx_hal.o
 .debug_aranges
                0x00000000000003c8       0xe8 ./Drivers/STM32F4xx_HAL_Driver/Src/stm32f4xx_hal_adc.o
 .debug_aranges
                0x00000000000004b0      0x118 ./Drivers/STM32F4xx_HAL_Driver/Src/stm32f4xx_hal_cortex.o
 .debug_aranges
                0x00000000000005c8       0x90 ./Drivers/STM32F4xx_HAL_Driver/Src/stm32f4xx_hal_dma.o
 .debug_aranges
                0x0000000000000658       0x58 ./Drivers/STM32F4xx_HAL_Driver/Src/stm32f4xx_hal_gpio.o
 .debug_aranges
                0x00000000000006b0      0x2a0 ./Drivers/STM32F4xx_HAL_Driver/Src/stm32f4xx_hal_i2c.o
 .debug_aranges
                0x0000000000000950       0x88 ./Drivers/STM32F4xx_HAL_Driver/Src/stm32f4xx_hal_rcc.o
 .debug_aranges
                0x00000000000009d8      0x3d0 ./Drivers/STM32F4xx_HAL_Driver/Src/stm32f4xx_hal_tim.o
 .debug_aranges
                0x0000000000000da8      0x168 ./Drivers/STM32F4xx_HAL_Driver/Src/stm32f4xx_hal_tim_ex.o
 .debug_aranges
                0x0000000000000f10      0x200 ./Drivers/STM32F4xx_HAL_Driver/Src/stm32f4xx_hal_uart.o

.debug_ranges   0x0000000000000000     0x1010
 .debug_ranges  0x0000000000000000       0x30 ./Core/Src/Controller.o
 .debug_ranges  0x0000000000000030       0x18 ./Core/Src/DHT12.o
 .debug_ranges  0x0000000000000048       0x20 ./Core/Src/MQ9.o
 .debug_ranges  0x0000000000000068       0x30 ./Core/Src/SoftwareTimer.o
 .debug_ranges  0x0000000000000098       0x58 ./Core/Src/main.o
 .debug_ranges  0x00000000000000f0       0x48 ./Core/Src/scheduler.o
 .debug_ranges  0x0000000000000138       0x50 ./Core/Src/stm32f4xx_hal_msp.o
 .debug_ranges  0x0000000000000188       0x60 ./Core/Src/stm32f4xx_it.o
 .debug_ranges  0x00000000000001e8       0x10 ./Core/Src/sysmem.o
 .debug_ranges  0x00000000000001f8       0x18 ./Core/Src/system_stm32f4xx.o
 .debug_ranges  0x0000000000000210       0x20 ./Core/Startup/startup_stm32f411retx.o
 .debug_ranges  0x0000000000000230       0xe0 ./Drivers/STM32F4xx_HAL_Driver/Src/stm32f4xx_hal.o
 .debug_ranges  0x0000000000000310       0xd8 ./Drivers/STM32F4xx_HAL_Driver/Src/stm32f4xx_hal_adc.o
 .debug_ranges  0x00000000000003e8      0x108 ./Drivers/STM32F4xx_HAL_Driver/Src/stm32f4xx_hal_cortex.o
 .debug_ranges  0x00000000000004f0       0x80 ./Drivers/STM32F4xx_HAL_Driver/Src/stm32f4xx_hal_dma.o
 .debug_ranges  0x0000000000000570       0x48 ./Drivers/STM32F4xx_HAL_Driver/Src/stm32f4xx_hal_gpio.o
 .debug_ranges  0x00000000000005b8      0x2a8 ./Drivers/STM32F4xx_HAL_Driver/Src/stm32f4xx_hal_i2c.o
 .debug_ranges  0x0000000000000860       0x78 ./Drivers/STM32F4xx_HAL_Driver/Src/stm32f4xx_hal_rcc.o
 .debug_ranges  0x00000000000008d8      0x3c0 ./Drivers/STM32F4xx_HAL_Driver/Src/stm32f4xx_hal_tim.o
 .debug_ranges  0x0000000000000c98      0x158 ./Drivers/STM32F4xx_HAL_Driver/Src/stm32f4xx_hal_tim_ex.o
 .debug_ranges  0x0000000000000df0      0x220 ./Drivers/STM32F4xx_HAL_Driver/Src/stm32f4xx_hal_uart.o

.debug_macro    0x0000000000000000    0x18ef3
 .debug_macro   0x0000000000000000      0x3b8 ./Core/Src/Controller.o
 .debug_macro   0x00000000000003b8      0xa78 ./Core/Src/Controller.o
 .debug_macro   0x0000000000000e30      0x2a7 ./Core/Src/Controller.o
 .debug_macro   0x00000000000010d7       0x2e ./Core/Src/Controller.o
 .debug_macro   0x0000000000001105       0x28 ./Core/Src/Controller.o
 .debug_macro   0x000000000000112d       0x22 ./Core/Src/Controller.o
 .debug_macro   0x000000000000114f       0x8e ./Core/Src/Controller.o
 .debug_macro   0x00000000000011dd       0x51 ./Core/Src/Controller.o
 .debug_macro   0x000000000000122e      0x103 ./Core/Src/Controller.o
 .debug_macro   0x0000000000001331       0x6a ./Core/Src/Controller.o
 .debug_macro   0x000000000000139b      0x1df ./Core/Src/Controller.o
 .debug_macro   0x000000000000157a       0x1c ./Core/Src/Controller.o
 .debug_macro   0x0000000000001596       0x22 ./Core/Src/Controller.o
 .debug_macro   0x00000000000015b8       0xd9 ./Core/Src/Controller.o
 .debug_macro   0x0000000000001691     0x102d ./Core/Src/Controller.o
 .debug_macro   0x00000000000026be      0x11f ./Core/Src/Controller.o
 .debug_macro   0x00000000000027dd     0xb953 ./Core/Src/Controller.o
 .debug_macro   0x000000000000e130       0x6d ./Core/Src/Controller.o
 .debug_macro   0x000000000000e19d     0x367e ./Core/Src/Controller.o
 .debug_macro   0x000000000001181b      0x174 ./Core/Src/Controller.o
 .debug_macro   0x000000000001198f       0x5c ./Core/Src/Controller.o
 .debug_macro   0x00000000000119eb      0x447 ./Core/Src/Controller.o
 .debug_macro   0x0000000000011e32      0x9fe ./Core/Src/Controller.o
 .debug_macro   0x0000000000012830      0x115 ./Core/Src/Controller.o
 .debug_macro   0x0000000000012945      0x11b ./Core/Src/Controller.o
 .debug_macro   0x0000000000012a60       0xa5 ./Core/Src/Controller.o
 .debug_macro   0x0000000000012b05      0x15f ./Core/Src/Controller.o
 .debug_macro   0x0000000000012c64      0x287 ./Core/Src/Controller.o
 .debug_macro   0x0000000000012eeb       0x5f ./Core/Src/Controller.o
 .debug_macro   0x0000000000012f4a      0x236 ./Core/Src/Controller.o
 .debug_macro   0x0000000000013180      0x9e1 ./Core/Src/Controller.o
 .debug_macro   0x0000000000013b61      0x38b ./Core/Src/Controller.o
 .debug_macro   0x0000000000013eec      0x17d ./Core/Src/Controller.o
 .debug_macro   0x0000000000014069       0xf9 ./Core/Src/Controller.o
 .debug_macro   0x0000000000014162      0x132 ./Core/Src/Controller.o
 .debug_macro   0x0000000000014294      0x264 ./Core/Src/Controller.o
 .debug_macro   0x00000000000144f8       0x2e ./Core/Src/Controller.o
 .debug_macro   0x0000000000014526      0x1b5 ./Core/Src/Controller.o
 .debug_macro   0x00000000000146db       0x22 ./Core/Src/Controller.o
 .debug_macro   0x00000000000146fd       0xd6 ./Core/Src/Controller.o
 .debug_macro   0x00000000000147d3      0x11a ./Core/Src/Controller.o
 .debug_macro   0x00000000000148ed       0x85 ./Core/Src/Controller.o
 .debug_macro   0x0000000000014972       0x89 ./Core/Src/Controller.o
 .debug_macro   0x00000000000149fb      0x8e6 ./Core/Src/Controller.o
 .debug_macro   0x00000000000152e1       0x47 ./Core/Src/Controller.o
 .debug_macro   0x0000000000015328      0x295 ./Core/Src/Controller.o
 .debug_macro   0x00000000000155bd      0x126 ./Core/Src/Controller.o
 .debug_macro   0x00000000000156e3       0x1c ./Core/Src/Controller.o
 .debug_macro   0x00000000000156ff       0x52 ./Core/Src/Controller.o
 .debug_macro   0x0000000000015751       0x1e ./Core/Src/Controller.o
 .debug_macro   0x000000000001576f       0x3c ./Core/Src/Controller.o
 .debug_macro   0x00000000000157ab       0x34 ./Core/Src/Controller.o
 .debug_macro   0x00000000000157df       0x16 ./Core/Src/Controller.o
 .debug_macro   0x00000000000157f5       0x35 ./Core/Src/Controller.o
 .debug_macro   0x000000000001582a      0x341 ./Core/Src/Controller.o
 .debug_macro   0x0000000000015b6b       0x10 ./Core/Src/Controller.o
 .debug_macro   0x0000000000015b7b       0x16 ./Core/Src/Controller.o
 .debug_macro   0x0000000000015b91       0x43 ./Core/Src/Controller.o
 .debug_macro   0x0000000000015bd4       0x34 ./Core/Src/Controller.o
 .debug_macro   0x0000000000015c08       0x10 ./Core/Src/Controller.o
 .debug_macro   0x0000000000015c18       0x58 ./Core/Src/Controller.o
 .debug_macro   0x0000000000015c70       0x71 ./Core/Src/Controller.o
 .debug_macro   0x0000000000015ce1       0x1c ./Core/Src/Controller.o
 .debug_macro   0x0000000000015cfd      0x12a ./Core/Src/Controller.o
 .debug_macro   0x0000000000015e27       0x10 ./Core/Src/Controller.o
 .debug_macro   0x0000000000015e37       0x1c ./Core/Src/Controller.o
 .debug_macro   0x0000000000015e53       0x52 ./Core/Src/Controller.o
 .debug_macro   0x0000000000015ea5       0x22 ./Core/Src/Controller.o
 .debug_macro   0x0000000000015ec7       0x10 ./Core/Src/Controller.o
 .debug_macro   0x0000000000015ed7       0x52 ./Core/Src/Controller.o
 .debug_macro   0x0000000000015f29       0xd5 ./Core/Src/Controller.o
 .debug_macro   0x0000000000015ffe       0x1c ./Core/Src/Controller.o
 .debug_macro   0x000000000001601a       0x3d ./Core/Src/Controller.o
 .debug_macro   0x0000000000016057       0x16 ./Core/Src/Controller.o
 .debug_macro   0x000000000001606d      0x145 ./Core/Src/Controller.o
 .debug_macro   0x00000000000161b2       0x1c ./Core/Src/Controller.o
 .debug_macro   0x00000000000161ce       0x4c ./Core/Src/Controller.o
 .debug_macro   0x000000000001621a       0x3a ./Core/Src/Controller.o
 .debug_macro   0x0000000000016254      0x38d ./Core/Src/DHT12.o
 .debug_macro   0x00000000000165e1      0x22d ./Core/Src/MQ9.o
 .debug_macro   0x000000000001680e       0x16 ./Core/Src/MQ9.o
 .debug_macro   0x0000000000016824       0x1b ./Core/Src/SoftwareTimer.o
 .debug_macro   0x000000000001683f      0x3d3 ./Core/Src/main.o
 .debug_macro   0x0000000000016c12       0x46 ./Core/Src/main.o
 .debug_macro   0x0000000000016c58       0x10 ./Core/Src/main.o
 .debug_macro   0x0000000000016c68      0x38c ./Core/Src/scheduler.o
 .debug_macro   0x0000000000016ff4      0x21e ./Core/Src/stm32f4xx_hal_msp.o
 .debug_macro   0x0000000000017212      0x228 ./Core/Src/stm32f4xx_it.o
 .debug_macro   0x000000000001743a       0xff ./Core/Src/sysmem.o
 .debug_macro   0x0000000000017539      0x23b ./Core/Src/sysmem.o
 .debug_macro   0x0000000000017774      0x20f ./Core/Src/system_stm32f4xx.o
 .debug_macro   0x0000000000017983      0x26f ./Drivers/STM32F4xx_HAL_Driver/Src/stm32f4xx_hal.o
 .debug_macro   0x0000000000017bf2      0x210 ./Drivers/STM32F4xx_HAL_Driver/Src/stm32f4xx_hal_adc.o
 .debug_macro   0x0000000000017e02      0x20f ./Drivers/STM32F4xx_HAL_Driver/Src/stm32f4xx_hal_cortex.o
 .debug_macro   0x0000000000018011      0x215 ./Drivers/STM32F4xx_HAL_Driver/Src/stm32f4xx_hal_dma.o
 .debug_macro   0x0000000000018226      0x215 ./Drivers/STM32F4xx_HAL_Driver/Src/stm32f4xx_hal_gpio.o
 .debug_macro   0x000000000001843b      0x256 ./Drivers/STM32F4xx_HAL_Driver/Src/stm32f4xx_hal_i2c.o
 .debug_macro   0x0000000000018691      0x233 ./Drivers/STM32F4xx_HAL_Driver/Src/stm32f4xx_hal_rcc.o
 .debug_macro   0x00000000000188c4      0x210 ./Drivers/STM32F4xx_HAL_Driver/Src/stm32f4xx_hal_tim.o
 .debug_macro   0x0000000000018ad4      0x20f ./Drivers/STM32F4xx_HAL_Driver/Src/stm32f4xx_hal_tim_ex.o
 .debug_macro   0x0000000000018ce3      0x210 ./Drivers/STM32F4xx_HAL_Driver/Src/stm32f4xx_hal_uart.o

.debug_line     0x0000000000000000    0x157ad
 .debug_line    0x0000000000000000      0xae1 ./Core/Src/Controller.o
 .debug_line    0x0000000000000ae1      0x9ba ./Core/Src/DHT12.o
 .debug_line    0x000000000000149b      0x7c1 ./Core/Src/MQ9.o
 .debug_line    0x0000000000001c5c      0x12b ./Core/Src/SoftwareTimer.o
 .debug_line    0x0000000000001d87      0xba4 ./Core/Src/main.o
 .debug_line    0x000000000000292b      0xb39 ./Core/Src/scheduler.o
 .debug_line    0x0000000000003464      0x87b ./Core/Src/stm32f4xx_hal_msp.o
 .debug_line    0x0000000000003cdf      0x83e ./Core/Src/stm32f4xx_it.o
 .debug_line    0x000000000000451d      0x508 ./Core/Src/sysmem.o
 .debug_line    0x0000000000004a25      0x7cd ./Core/Src/system_stm32f4xx.o
 .debug_line    0x00000000000051f2       0x88 ./Core/Startup/startup_stm32f411retx.o
 .debug_line    0x000000000000527a      0xa33 ./Drivers/STM32F4xx_HAL_Driver/Src/stm32f4xx_hal.o
 .debug_line    0x0000000000005cad     0x11e3 ./Drivers/STM32F4xx_HAL_Driver/Src/stm32f4xx_hal_adc.o
 .debug_line    0x0000000000006e90      0xce2 ./Drivers/STM32F4xx_HAL_Driver/Src/stm32f4xx_hal_cortex.o
 .debug_line    0x0000000000007b72      0xf97 ./Drivers/STM32F4xx_HAL_Driver/Src/stm32f4xx_hal_dma.o
 .debug_line    0x0000000000008b09      0xb6b ./Drivers/STM32F4xx_HAL_Driver/Src/stm32f4xx_hal_gpio.o
 .debug_line    0x0000000000009674     0x39e8 ./Drivers/STM32F4xx_HAL_Driver/Src/stm32f4xx_hal_i2c.o
 .debug_line    0x000000000000d05c      0xdad ./Drivers/STM32F4xx_HAL_Driver/Src/stm32f4xx_hal_rcc.o
 .debug_line    0x000000000000de09     0x3501 ./Drivers/STM32F4xx_HAL_Driver/Src/stm32f4xx_hal_tim.o
 .debug_line    0x000000000001130a     0x19cb ./Drivers/STM32F4xx_HAL_Driver/Src/stm32f4xx_hal_tim_ex.o
 .debug_line    0x0000000000012cd5     0x2ad8 ./Drivers/STM32F4xx_HAL_Driver/Src/stm32f4xx_hal_uart.o

.debug_str      0x0000000000000000    0x9cb7c
 .debug_str     0x0000000000000000    0x98130 ./Core/Src/Controller.o
                                      0x9847b (size before relaxing)
 .debug_str     0x0000000000098130       0x88 ./Core/Src/DHT12.o
                                      0x98043 (size before relaxing)
 .debug_str     0x00000000000981b8       0xa2 ./Core/Src/MQ9.o
                                      0x9422c (size before relaxing)
 .debug_str     0x000000000009825a       0xb6 ./Core/Src/SoftwareTimer.o
                                       0x2d80 (size before relaxing)
 .debug_str     0x0000000000098310      0x7ce ./Core/Src/main.o
                                      0x98bf4 (size before relaxing)
 .debug_str     0x0000000000098ade       0xaf ./Core/Src/scheduler.o
                                      0x97ac4 (size before relaxing)
 .debug_str     0x0000000000098b8d      0x4b1 ./Core/Src/stm32f4xx_hal_msp.o
                                      0x94c70 (size before relaxing)
 .debug_str     0x000000000009903e      0x112 ./Core/Src/stm32f4xx_it.o
                                      0x94342 (size before relaxing)
 .debug_str     0x0000000000099150      0x4da ./Core/Src/sysmem.o
                                       0x5da4 (size before relaxing)
 .debug_str     0x000000000009962a       0xdb ./Core/Src/system_stm32f4xx.o
                                      0x93ca7 (size before relaxing)
 .debug_str     0x0000000000099705       0x5a ./Core/Startup/startup_stm32f411retx.o
 .debug_str     0x000000000009975f      0x617 ./Drivers/STM32F4xx_HAL_Driver/Src/stm32f4xx_hal.o
                                      0x946d3 (size before relaxing)
 .debug_str     0x0000000000099d76      0x285 ./Drivers/STM32F4xx_HAL_Driver/Src/stm32f4xx_hal_adc.o
                                      0x94282 (size before relaxing)
 .debug_str     0x0000000000099ffb      0x31c ./Drivers/STM32F4xx_HAL_Driver/Src/stm32f4xx_hal_cortex.o
                                      0x943f4 (size before relaxing)
 .debug_str     0x000000000009a317      0x2fe ./Drivers/STM32F4xx_HAL_Driver/Src/stm32f4xx_hal_dma.o
                                      0x940af (size before relaxing)
 .debug_str     0x000000000009a615      0x109 ./Drivers/STM32F4xx_HAL_Driver/Src/stm32f4xx_hal_gpio.o
                                      0x93e22 (size before relaxing)
 .debug_str     0x000000000009a71e      0xa87 ./Drivers/STM32F4xx_HAL_Driver/Src/stm32f4xx_hal_i2c.o
                                      0x94c65 (size before relaxing)
 .debug_str     0x000000000009b1a5      0x213 ./Drivers/STM32F4xx_HAL_Driver/Src/stm32f4xx_hal_rcc.o
                                      0x940db (size before relaxing)
 .debug_str     0x000000000009b3b8      0xd95 ./Drivers/STM32F4xx_HAL_Driver/Src/stm32f4xx_hal_tim.o
                                      0x9500f (size before relaxing)
 .debug_str     0x000000000009c14d      0x493 ./Drivers/STM32F4xx_HAL_Driver/Src/stm32f4xx_hal_tim_ex.o
                                      0x9482b (size before relaxing)
 .debug_str     0x000000000009c5e0      0x59c ./Drivers/STM32F4xx_HAL_Driver/Src/stm32f4xx_hal_uart.o
                                      0x94668 (size before relaxing)

.comment        0x0000000000000000       0x50
 .comment       0x0000000000000000       0x50 ./Core/Src/Controller.o
                                         0x51 (size before relaxing)
 .comment       0x0000000000000050       0x51 ./Core/Src/DHT12.o
 .comment       0x0000000000000050       0x51 ./Core/Src/MQ9.o
 .comment       0x0000000000000050       0x51 ./Core/Src/SoftwareTimer.o
 .comment       0x0000000000000050       0x51 ./Core/Src/main.o
 .comment       0x0000000000000050       0x51 ./Core/Src/scheduler.o
 .comment       0x0000000000000050       0x51 ./Core/Src/stm32f4xx_hal_msp.o
 .comment       0x0000000000000050       0x51 ./Core/Src/stm32f4xx_it.o
 .comment       0x0000000000000050       0x51 ./Core/Src/sysmem.o
 .comment       0x0000000000000050       0x51 ./Core/Src/system_stm32f4xx.o
 .comment       0x0000000000000050       0x51 ./Drivers/STM32F4xx_HAL_Driver/Src/stm32f4xx_hal.o
 .comment       0x0000000000000050       0x51 ./Drivers/STM32F4xx_HAL_Driver/Src/stm32f4xx_hal_adc.o
 .comment       0x0000000000000050       0x51 ./Drivers/STM32F4xx_HAL_Driver/Src/stm32f4xx_hal_cortex.o
 .comment       0x0000000000000050       0x51 ./Drivers/STM32F4xx_HAL_Driver/Src/stm32f4xx_hal_dma.o
 .comment       0x0000000000000050       0x51 ./Drivers/STM32F4xx_HAL_Driver/Src/stm32f4xx_hal_gpio.o
 .comment       0x0000000000000050       0x51 ./Drivers/STM32F4xx_HAL_Driver/Src/stm32f4xx_hal_i2c.o
 .comment       0x0000000000000050       0x51 ./Drivers/STM32F4xx_HAL_Driver/Src/stm32f4xx_hal_rcc.o
 .comment       0x0000000000000050       0x51 ./Drivers/STM32F4xx_HAL_Driver/Src/stm32f4xx_hal_tim.o
 .comment       0x0000000000000050       0x51 ./Drivers/STM32F4xx_HAL_Driver/Src/stm32f4xx_hal_tim_ex.o
 .comment       0x0000000000000050       0x51 ./Drivers/STM32F4xx_HAL_Driver/Src/stm32f4xx_hal_uart.o

.debug_frame    0x0000000000000000     0x4d20
 .debug_frame   0x0000000000000000       0xc4 ./Core/Src/Controller.o
 .debug_frame   0x00000000000000c4       0x60 ./Core/Src/DHT12.o
 .debug_frame   0x0000000000000124       0x84 ./Core/Src/MQ9.o
 .debug_frame   0x00000000000001a8       0xd0 ./Core/Src/SoftwareTimer.o
 .debug_frame   0x0000000000000278      0x158 ./Core/Src/main.o
 .debug_frame   0x00000000000003d0      0x13c ./Core/Src/scheduler.o
 .debug_frame   0x000000000000050c      0x158 ./Core/Src/stm32f4xx_hal_msp.o
 .debug_frame   0x0000000000000664      0x13c ./Core/Src/stm32f4xx_it.o
 .debug_frame   0x00000000000007a0       0x34 ./Core/Src/sysmem.o
 .debug_frame   0x00000000000007d4       0x58 ./Core/Src/system_stm32f4xx.o
 .debug_frame   0x000000000000082c      0x374 ./Drivers/STM32F4xx_HAL_Driver/Src/stm32f4xx_hal.o
 .debug_frame   0x0000000000000ba0      0x3fc ./Drivers/STM32F4xx_HAL_Driver/Src/stm32f4xx_hal_adc.o
 .debug_frame   0x0000000000000f9c      0x498 ./Drivers/STM32F4xx_HAL_Driver/Src/stm32f4xx_hal_cortex.o
 .debug_frame   0x0000000000001434      0x250 ./Drivers/STM32F4xx_HAL_Driver/Src/stm32f4xx_hal_dma.o
 .debug_frame   0x0000000000001684      0x14c ./Drivers/STM32F4xx_HAL_Driver/Src/stm32f4xx_hal_gpio.o
 .debug_frame   0x00000000000017d0      0xc5c ./Drivers/STM32F4xx_HAL_Driver/Src/stm32f4xx_hal_i2c.o